Component: ARM Compiler 5.05 update 1 (build 106) Tool: armlink [4d0efa]

==============================================================================

Section Cross References

    freertos.o(i.MX_FREERTOS_Init) refers to rt_memcpy_w.o(.text) for __aeabi_memcpy4
    freertos.o(i.MX_FREERTOS_Init) refers to cmsis_os.o(i.osThreadCreate) for osThreadCreate
    freertos.o(i.MX_FREERTOS_Init) refers to freertos.o(.constdata) for .constdata
    freertos.o(i.MX_FREERTOS_Init) refers to freertos.o(.data) for defaultTaskHandle
    freertos.o(i.StartDefaultTask) refers to stm32f4xx_hal.o(i.HAL_Delay) for HAL_Delay
    freertos.o(i.StartDefaultTask) refers to cmsis_os.o(i.osDelay) for osDelay
    freertos.o(.constdata) refers to freertos.o(.conststring) for .conststring
    freertos.o(.constdata) refers to freertos.o(i.StartDefaultTask) for StartDefaultTask
    freertos.o(.constdata) refers to chassis.o(i.chassis_task) for chassis_task
    freertos.o(.constdata) refers to gimbal.o(i.gimbal_task) for gimbal_task
    freertos.o(.constdata) refers to kb.o(i.key_mouse_task) for key_mouse_task
    freertos.o(.constdata) refers to ahrs.o(i.AHRS_GetAttitude) for AHRS_GetAttitude
    freertos.o(.constdata) refers to bt.o(i.deal_info_date) for deal_info_date
    stm32f4xx_hal_msp.o(i.HAL_MspInit) refers to stm32f4xx_hal_cortex.o(i.HAL_NVIC_SetPriorityGrouping) for HAL_NVIC_SetPriorityGrouping
    stm32f4xx_hal_msp.o(i.HAL_MspInit) refers to stm32f4xx_hal_cortex.o(i.HAL_NVIC_SetPriority) for HAL_NVIC_SetPriority
    stm32f4xx_it.o(i.CAN1_RX0_IRQHandler) refers to stm32f4xx_hal_can.o(i.HAL_CAN_IRQHandler) for HAL_CAN_IRQHandler
    stm32f4xx_it.o(i.CAN1_RX0_IRQHandler) refers to can.o(.bss) for hcan1
    stm32f4xx_it.o(i.CAN1_TX_IRQHandler) refers to stm32f4xx_hal_can.o(i.HAL_CAN_IRQHandler) for HAL_CAN_IRQHandler
    stm32f4xx_it.o(i.CAN1_TX_IRQHandler) refers to can.o(.bss) for hcan1
    stm32f4xx_it.o(i.CAN2_RX0_IRQHandler) refers to stm32f4xx_hal_can.o(i.HAL_CAN_IRQHandler) for HAL_CAN_IRQHandler
    stm32f4xx_it.o(i.CAN2_RX0_IRQHandler) refers to can.o(.bss) for hcan2
    stm32f4xx_it.o(i.CAN2_TX_IRQHandler) refers to stm32f4xx_hal_can.o(i.HAL_CAN_IRQHandler) for HAL_CAN_IRQHandler
    stm32f4xx_it.o(i.CAN2_TX_IRQHandler) refers to can.o(.bss) for hcan2
    stm32f4xx_it.o(i.DMA1_Stream1_IRQHandler) refers to stm32f4xx_hal_dma.o(i.HAL_DMA_IRQHandler) for HAL_DMA_IRQHandler
    stm32f4xx_it.o(i.DMA1_Stream1_IRQHandler) refers to usart.o(.bss) for hdma_usart3_rx
    stm32f4xx_it.o(i.DMA1_Stream5_IRQHandler) refers to stm32f4xx_hal_dma.o(i.HAL_DMA_IRQHandler) for HAL_DMA_IRQHandler
    stm32f4xx_it.o(i.DMA1_Stream5_IRQHandler) refers to usart.o(.bss) for hdma_usart2_rx
    stm32f4xx_it.o(i.DMA2_Stream1_IRQHandler) refers to stm32f4xx_hal_dma.o(i.HAL_DMA_IRQHandler) for HAL_DMA_IRQHandler
    stm32f4xx_it.o(i.DMA2_Stream1_IRQHandler) refers to usart.o(.bss) for hdma_usart6_rx
    stm32f4xx_it.o(i.DMA2_Stream2_IRQHandler) refers to stm32f4xx_hal_dma.o(i.HAL_DMA_IRQHandler) for HAL_DMA_IRQHandler
    stm32f4xx_it.o(i.DMA2_Stream2_IRQHandler) refers to usart.o(.bss) for hdma_usart1_rx
    stm32f4xx_it.o(i.SysTick_Handler) refers to cmsis_os.o(i.osSystickHandler) for osSystickHandler
    stm32f4xx_it.o(i.TIM6_DAC_IRQHandler) refers to stm32f4xx_hal_tim.o(i.HAL_TIM_IRQHandler) for HAL_TIM_IRQHandler
    stm32f4xx_it.o(i.TIM6_DAC_IRQHandler) refers to stm32f4xx_hal_timebase_tim.o(.bss) for htim6
    stm32f4xx_it.o(i.TIM7_IRQHandler) refers to stm32f4xx_hal_tim.o(i.HAL_TIM_IRQHandler) for HAL_TIM_IRQHandler
    stm32f4xx_it.o(i.TIM7_IRQHandler) refers to tim.o(.bss) for htim7
    stm32f4xx_it.o(i.USART1_IRQHandler) refers to bt.o(i.LanggoUartFrameIRQHandler) for LanggoUartFrameIRQHandler
    stm32f4xx_it.o(i.USART1_IRQHandler) refers to stm32f4xx_hal_uart.o(i.HAL_UART_IRQHandler) for HAL_UART_IRQHandler
    stm32f4xx_it.o(i.USART1_IRQHandler) refers to usart.o(.bss) for huart1
    stm32f4xx_it.o(i.USART2_IRQHandler) refers to bt.o(i.LanggoUartFrameIRQHandler) for LanggoUartFrameIRQHandler
    stm32f4xx_it.o(i.USART2_IRQHandler) refers to stm32f4xx_hal_uart.o(i.HAL_UART_IRQHandler) for HAL_UART_IRQHandler
    stm32f4xx_it.o(i.USART2_IRQHandler) refers to usart.o(.bss) for huart2
    stm32f4xx_it.o(i.USART3_IRQHandler) refers to bt.o(i.LanggoUartFrameIRQHandler) for LanggoUartFrameIRQHandler
    stm32f4xx_it.o(i.USART3_IRQHandler) refers to stm32f4xx_hal_uart.o(i.HAL_UART_IRQHandler) for HAL_UART_IRQHandler
    stm32f4xx_it.o(i.USART3_IRQHandler) refers to usart.o(.bss) for huart3
    stm32f4xx_it.o(i.USART6_IRQHandler) refers to bt.o(i.LanggoUartFrameIRQHandler) for LanggoUartFrameIRQHandler
    stm32f4xx_it.o(i.USART6_IRQHandler) refers to stm32f4xx_hal_uart.o(i.HAL_UART_IRQHandler) for HAL_UART_IRQHandler
    stm32f4xx_it.o(i.USART6_IRQHandler) refers to usart.o(.bss) for huart6
    stm32f4xx_hal_timebase_tim.o(i.HAL_InitTick) refers to stm32f4xx_hal_cortex.o(i.HAL_NVIC_SetPriority) for HAL_NVIC_SetPriority
[...]
    can_send_gimbal_iq                       0x08007205   Thumb Code   114  gimbal.o(i.can_send_gimbal_iq)
    chassis_task                             0x0800727d   Thumb Code   764  chassis.o(i.chassis_task)
    dbus_init                                0x080075ed   Thumb Code    56  bt.o(i.dbus_init)
    deal_info_date                           0x0800762d   Thumb Code   216  bt.o(i.deal_info_date)
    err_detector_callback                    0x08007721   Thumb Code    32  error_task.o(i.err_detector_callback)
    fabs                                     0x08007745   Thumb Code    24  fabs.o(i.fabs)
    get_cap_measure                          0x0800775d   Thumb Code    84  bsp_can.o(i.get_cap_measure)
    get_chassis_mode_set_ref                 0x080077b1   Thumb Code    82  chassis.o(i.get_chassis_mode_set_ref)
    get_moto_measure                         0x0800780d   Thumb Code   114  bsp_can.o(i.get_moto_measure)
    get_moto_offset                          0x0800787f   Thumb Code    20  bsp_can.o(i.get_moto_offset)
    get_relative_pos                         0x08007893   Thumb Code    58  gimbal.o(i.get_relative_pos)
    gimbal_task                              0x080078cd   Thumb Code   706  gimbal.o(i.gimbal_task)
    imuCaliHook                              0x08007c39   Thumb Code   232  calibrate.o(i.imuCaliHook)
    ist8310_get_data                         0x08007d31   Thumb Code    16  mpu.o(i.ist8310_get_data)
    ist8310_init                             0x08007d41   Thumb Code   256  mpu.o(i.ist8310_init)
    judge_sys_init                           0x08007ebd   Thumb Code    56  bt.o(i.judge_sys_init)
    judge_use_sys                            0x08007efd   Thumb Code    56  bt.o(i.judge_use_sys)
    judgementDataHandler                     0x08007f3d   Thumb Code   480  judge_sys.o(i.judgementDataHandler)
    key_mouse_task                           0x08008139   Thumb Code   330  kb.o(i.key_mouse_task)
    main                                     0x080082a1   Thumb Code   256  main.o(i.main)
    manifold_uart_init                       0x080083cd   Thumb Code    56  bt.o(i.manifold_uart_init)
    mecanum_calc                             0x0800840d   Thumb Code   544  chassis.o(i.mecanum_calc)
    mpu_device_init                          0x0800863d   Thumb Code   116  mpu.o(i.mpu_device_init)
    mpu_get_data                             0x080086b5   Thumb Code   572  mpu.o(i.mpu_get_data)
    mpu_read_reg                             0x080089b5   Thumb Code    68  mpu.o(i.mpu_read_reg)
    mpu_read_regs                            0x08008a09   Thumb Code    80  mpu.o(i.mpu_read_regs)
    mpu_write_reg                            0x08008a6d   Thumb Code    72  mpu.o(i.mpu_write_reg)
    my_can_filter_init_recv_all              0x08008ac5   Thumb Code    88  bsp_can.o(i.my_can_filter_init_recv_all)
    osDelay                                  0x08008b35   Thumb Code    24  cmsis_os.o(i.osDelay)
    osKernelStart                            0x08008b4d   Thumb Code    10  cmsis_os.o(i.osKernelStart)
    osSystickHandler                         0x08008b57   Thumb Code    16  cmsis_os.o(i.osSystickHandler)
    osThreadCreate                           0x08008b67   Thumb Code    58  cmsis_os.o(i.osThreadCreate)
    pid_calc                                 0x08008ba1   Thumb Code   528  pid.o(i.pid_calc)
    pid_calc_changing_i                      0x08008db5   Thumb Code   592  pid.o(i.pid_calc_changing_i)
    pidd                                     0x0800902d   Thumb Code   162  chassis.o(i.pidd)
    pvPortMalloc                             0x08009441   Thumb Code   296  heap_4.o(i.pvPortMalloc)
    pxPortInitialiseStack                    0x0800957d   Thumb Code    34  port.o(i.pxPortInitialiseStack)
    reset_zgyro                              0x080095a5   Thumb Code   122  chassis.o(i.reset_zgyro)
    set_cm_current                           0x08009625   Thumb Code    78  chassis.o(i.set_cm_current)
    sqrt                                     0x08009679   Thumb Code   110  sqrt.o(i.sqrt)
    trigger_motor_turn_back                  0x080096e9   Thumb Code    94  gimbal.o(i.trigger_motor_turn_back)
    uart_reset_idle_rx_callback              0x08009761   Thumb Code   352  bt.o(i.uart_reset_idle_rx_callback)
    uart_send2pc                             0x080098c9   Thumb Code    38  bt.o(i.uart_send2pc)
    uart_send_frame                          0x080098f5   Thumb Code   104  bt.o(i.uart_send_frame)
    uxListRemove                             0x08009965   Thumb Code    40  list.o(i.uxListRemove)
    vListInitialise                          0x0800998d   Thumb Code    26  list.o(i.vListInitialise)
    vListInitialiseItem                      0x080099a7   Thumb Code     6  list.o(i.vListInitialiseItem)
    vListInsert                              0x080099ad   Thumb Code    52  list.o(i.vListInsert)
    vListInsertEnd                           0x080099e1   Thumb Code    24  list.o(i.vListInsertEnd)
    vPortEnterCritical                       0x080099f9   Thumb Code    76  port.o(i.vPortEnterCritical)
    vPortExitCritical                        0x08009a4d   Thumb Code    56  port.o(i.vPortExitCritical)
    vPortFree                                0x08009a89   Thumb Code   140  heap_4.o(i.vPortFree)
    vPortSetupTimerInterrupt                 0x08009b1d   Thumb Code    26  port.o(i.vPortSetupTimerInterrupt)
    vTaskDelay                               0x08009b3d   Thumb Code   120  tasks.o(i.vTaskDelay)
    vTaskStartScheduler                      0x08009bc9   Thumb Code   100  tasks.o(i.vTaskStartScheduler)
    vTaskSuspendAll                          0x08009c45   Thumb Code    12  tasks.o(i.vTaskSuspendAll)
    vTaskSwitchContext                       0x08009c55   Thumb Code   118  tasks.o(i.vTaskSwitchContext)
    xPortStartScheduler                      0x08009ce1   Thumb Code   288  port.o(i.xPortStartScheduler)
    xPortSysTickHandler                      0x08009e1d   Thumb Code    48  port.o(i.xPortSysTickHandler)
    xTaskGenericCreate                       0x08009e51   Thumb Code   340  tasks.o(i.xTaskGenericCreate)
    xTaskGetSchedulerState                   0x08009fc1   Thumb Code    24  tasks.o(i.xTaskGetSchedulerState)
    xTaskGetTickCount                        0x08009fe1   Thumb Code     6  tasks.o(i.xTaskGetTickCount)
    xTaskIncrementTick                       0x08009fed   Thumb Code   286  tasks.o(i.xTaskIncrementTick)
    xTaskResumeAll                           0x0800a139   Thumb Code   224  tasks.o(i.xTaskResumeAll)
    __aeabi_dneg                             0x0800a23d   Thumb Code     0  basic.o(x$fpl$basic)
    _dneg                                    0x0800a23d   Thumb Code     6  basic.o(x$fpl$basic)
    __aeabi_fneg                             0x0800a243   Thumb Code     0  basic.o(x$fpl$basic)
    _fneg                                    0x0800a243   Thumb Code     6  basic.o(x$fpl$basic)
    _dabs                                    0x0800a249   Thumb Code     6  basic.o(x$fpl$basic)
    _fabs                                    0x0800a24f   Thumb Code     6  basic.o(x$fpl$basic)
    __aeabi_d2f                              0x0800a255   Thumb Code     0  d2f.o(x$fpl$d2f)
    _d2f                                     0x0800a255   Thumb Code    98  d2f.o(x$fpl$d2f)
    __aeabi_dadd                             0x0800a2b9   Thumb Code     0  daddsub_clz.o(x$fpl$dadd)
    _dadd                                    0x0800a2b9   Thumb Code   332  daddsub_clz.o(x$fpl$dadd)
    __aeabi_ddiv                             0x0800a409   Thumb Code     0  ddiv.o(x$fpl$ddiv)
    _ddiv                                    0x0800a409   Thumb Code   552  ddiv.o(x$fpl$ddiv)
    __aeabi_i2d                              0x0800a6b9   Thumb Code     0  dflt_clz.o(x$fpl$dflt)
    _dflt                                    0x0800a6b9   Thumb Code    46  dflt_clz.o(x$fpl$dflt)
    __aeabi_dmul                             0x0800a6e9   Thumb Code     0  dmul.o(x$fpl$dmul)
    _dmul                                    0x0800a6e9   Thumb Code   332  dmul.o(x$fpl$dmul)
    __fpl_dnaninf                            0x0800a83d   Thumb Code   156  dnaninf.o(x$fpl$dnaninf)
    __fpl_dretinf                            0x0800a8d9   Thumb Code    12  dretinf.o(x$fpl$dretinf)
    __aeabi_drsub                            0x0800a8e5   Thumb Code     0  daddsub_clz.o(x$fpl$drsb)
    _drsb                                    0x0800a8e5   Thumb Code    22  daddsub_clz.o(x$fpl$drsb)
    _dsqrt                                   0x0800a8fd   Thumb Code   404  dsqrt_umaal.o(x$fpl$dsqrt)
    __aeabi_dsub                             0x0800aa95   Thumb Code     0  daddsub_clz.o(x$fpl$dsub)
    _dsub                                    0x0800aa95   Thumb Code   464  daddsub_clz.o(x$fpl$dsub)
    __aeabi_f2d                              0x0800ac69   Thumb Code     0  f2d.o(x$fpl$f2d)
    _f2d                                     0x0800ac69   Thumb Code    86  f2d.o(x$fpl$f2d)
    __fpl_fnaninf                            0x0800acbf   Thumb Code   140  fnaninf.o(x$fpl$fnaninf)
    _fp_init                                 0x0800ad4b   Thumb Code    10  fpinit.o(x$fpl$fpinit)
    __fplib_config_fpu_vfp                   0x0800ad53   Thumb Code     0  fpinit.o(x$fpl$fpinit)
    __fplib_config_pureend_doubles           0x0800ad53   Thumb Code     0  fpinit.o(x$fpl$fpinit)
    __fpl_fretinf                            0x0800ad55   Thumb Code    10  fretinf.o(x$fpl$fretinf)
    __I$use$fp                               0x0800ad5e   Number         0  usenofp.o(x$fpl$usenofp)
    APBAHBPrescTable                         0x0800add8   Data          16  stm32f4xx_hal_rcc.o(.constdata)
    CRC8_INIT                                0x0800adfe   Data           1  judge_sys.o(.constdata)
    CRC8_TAB                                 0x0800adff   Data         256  judge_sys.o(.constdata)
    wCRC_Table                               0x0800af00   Data         512  judge_sys.o(.constdata)
    __mathlib_zero                           0x0800b1e8   Data           8  qnan.o(.constdata)
    Region$$Table$$Base                      0x0800b240   Number         0  anon$$obj.o(Region$$Table)
    Region$$Table$$Limit                     0x0800b260   Number         0  anon$$obj.o(Region$$Table)
    defaultTaskHandle                        0x20000000   Data           4  freertos.o(.data)
    TIM7_FLAG                                0x20000008   Data           1  main.o(.data)
    shoot_CAN_Set_Current                    0x2000000c   Data           2  gimbal.o(.data)
    iiii                                     0x20000010   Data           4  gimbal.o(.data)
    shot_count                               0x20000014   Data           4  gimbal.o(.data)
    yaw_pos_rc_int                           0x20000018   Data           4  gimbal.o(.data)
    yaw_pos_mouse_int                        0x2000001c   Data           4  gimbal.o(.data)
    yaw_pos_ref                              0x20000020   Data           4  gimbal.o(.data)
    kadanjishu                               0x20000024   Data           4  gimbal.o(.data)
    pit_pos_rc_int                           0x20000028   Data           4  gimbal.o(.data)
    pit_pos_mouse_int                        0x2000002c   Data           4  gimbal.o(.data)
    pit_pos_ref                              0x20000030   Data           4  gimbal.o(.data)
    YawMouseMax                              0x20000038   Data           4  gimbal.o(.data)
    pit_center_offset                        0x2000003c   Data           4  gimbal.o(.data)
    PitZenith                                0x20000040   Data           4  gimbal.o(.data)
    PitNadir                                 0x20000044   Data           4  gimbal.o(.data)
    PIT_MOVE_UP                              0x20000048   Data           4  gimbal.o(.data)
    PIT_MOVE_DOWN                            0x2000004c   Data           4  gimbal.o(.data)
    yaw_center_offset                        0x20000050   Data           4  gimbal.o(.data)
    YawZenith                                0x20000054   Data           4  gimbal.o(.data)
    YawNadir                                 0x20000058   Data           4  gimbal.o(.data)
    YAW_MOVE_UP                              0x2000005c   Data           4  gimbal.o(.data)
    YAW_MOVE_DOWN                            0x20000060   Data           4  gimbal.o(.data)
    pit_relative_pos                         0x20000064   Data           2  gimbal.o(.data)
    yaw_relative_pos                         0x20000066   Data           2  gimbal.o(.data)
    yaw_speed                                0x20000068   Data           2  gimbal.o(.data)
    yaw_angle1                               0x2000006a   Data           2  gimbal.o(.data)
    yaw_angle2                               0x2000006c   Data           2  gimbal.o(.data)
    last_sw1                                 0x20000070   Data           4  gimbal.o(.data)
    fric_wheel_run                           0x20000074   Data           4  gimbal.o(.data)
    poke_spd_ref                             0x20000078   Data           4  gimbal.o(.data)
    poke_pos_ref                             0x2000007c   Data           4  gimbal.o(.data)
    enter_stanby_mode_cnt                    0x20000080   Data           4  gimbal.o(.data)
    mouse_left_sta                           0x20000084   Data           1  gimbal.o(.data)
    mouse_right_sta                          0x20000085   Data           1  gimbal.o(.data)
    imu_tmp                                  0x20000088   Data           4  gimbal.o(.data)
    imu_tmp_ref                              0x2000008c   Data           4  gimbal.o(.data)
    reset_sequence                           0x20000090   Data           4  gimbal.o(.data)
    poke_stuck_cnt                           0x20000094   Data           4  gimbal.o(.data)
    big_poke_stuck_cnt                       0x20000098   Data           4  gimbal.o(.data)
    poke_dir                                 0x2000009c   Data           4  gimbal.o(.data)
    Shot_Mode                                0x200000a0   Data           1  gimbal.o(.data)
    SHOT_KEY                                 0x200000a1   Data           1  gimbal.o(.data)
    Single_Data                              0x200000a4   Data           4  gimbal.o(.data)
    ShootFTime                               0x200000a8   Data           2  gimbal.o(.data)
    ShootFNum                                0x200000aa   Data           2  gimbal.o(.data)
    AgainStuck                               0x200000ac   Data           1  gimbal.o(.data)
    AgainStuckData                           0x200000ad   Data           1  gimbal.o(.data)
    StuckData                                0x200000ae   Data           1  gimbal.o(.data)
    MouseCtrl                                0x200000af   Data           1  gimbal.o(.data)
    MotoPokeSpeed                            0x200000b0   Data           4  gimbal.o(.data)
    MotoPokeTotalAngle                       0x200000b4   Data           4  gimbal.o(.data)
    FullSpeedShoot                           0x200000b8   Data           1  gimbal.o(.data)
    SHOT_WHEEL_SPEED_L                       0x200000ba   Data           2  gimbal.o(.data)
    SHOT_WHEEL_SPEED_R                       0x200000bc   Data           2  gimbal.o(.data)
    SHOT_WHEEL_SPEED_Single                  0x200000be   Data           2  gimbal.o(.data)
    SHOT_WHEEL_SPEED_Cont                    0x200000c0   Data           2  gimbal.o(.data)
    shooter_single_heat                      0x200000c2   Data           1  gimbal.o(.data)
    PitDir                                   0x200000c4   Data          20  gimbal.o(.data)
    YawDir                                   0x200000d8   Data          20  gimbal.o(.data)
    rc_B_sta                                 0x200000ec   Data           1  gimbal.o(.data)
    Pock_Max                                 0x200000ee   Data           2  gimbal.o(.data)
    huan_suan_p                              0x200000f0   Data           4  gimbal.o(.data)
    huan_suan_y                              0x200000f4   Data           4  gimbal.o(.data)
    yaw_angle                                0x200000f8   Data           2  gimbal.o(.data)
    pitch_angle                              0x200000fa   Data           2  gimbal.o(.data)
    distance                                 0x200000fc   Data           2  gimbal.o(.data)
    auto_falg                                0x200000fe   Data           1  gimbal.o(.data)
    shot_falg                                0x200000ff   Data           1  gimbal.o(.data)
    shot_falg_count                          0x20000100   Data           2  gimbal.o(.data)
    pit_patrol_dir                           0x20000102   Data           1  gimbal.o(.data)
    yaw_patrol_dir                           0x20000103   Data           1  gimbal.o(.data)
    pit_spin_speed                           0x20000104   Data           4  gimbal.o(.data)
    yaw_spin_speed                           0x20000108   Data           4  gimbal.o(.data)
    cv_yaw_target                            0x2000010c   Data           2  gimbal.o(.data)
    cv_pit_target                            0x2000010e   Data           2  gimbal.o(.data)
    shot_poke_falg                           0x20000110   Data           1  gimbal.o(.data)
    Brake_Max_Op                             0x20000118   Data           4  chassis.o(.data)
    MAX_WHEEL_SPEED                          0x2000011c   Data           2  chassis.o(.data)
    MAX_CHASSIS_VX_SPEED                     0x2000011e   Data           2  chassis.o(.data)
    MAX_CHASSIS_VY_SPEED                     0x20000120   Data           2  chassis.o(.data)
    MAX_CHASSIS_OMEGA_SPEED                  0x20000122   Data           2  chassis.o(.data)
    ceshi                                    0x20000124   Data           4  chassis.o(.data)
    brake_calibration_angle                  0x20000128   Data           4  chassis.o(.data)
    brake_total_angle                        0x2000012c   Data           4  chassis.o(.data)
    brake_target_angle                       0x20000130   Data           4  chassis.o(.data)
    brake_NOW_spd                            0x20000134   Data           4  chassis.o(.data)
    brake_1_total                            0x20000138   Data           4  chassis.o(.data)
    brake_2_total                            0x2000013c   Data           4  chassis.o(.data)
    angle_difference                         0x20000140   Data           4  chassis.o(.data)
    flag_left                                0x20000144   Data           4  chassis.o(.data)
    flag_right                               0x20000148   Data           4  chassis.o(.data)
    switch_1                                 0x2000014c   Data           4  chassis.o(.data)
    switch_2                                 0x20000150   Data           4  chassis.o(.data)
    system_fre                               0x20000154   Data           4  chassis.o(.data)
    brake_Max_op                             0x20000158   Data           4  chassis.o(.data)
    brake_Mid_angle                          0x2000015c   Data           4  chassis.o(.data)
    Brake_single_angle                       0x20000160   Data           4  chassis.o(.data)
    market_brake_1                           0x20000164   Data           4  chassis.o(.data)
    market_brake_2                           0x20000168   Data           4  chassis.o(.data)
    market_brake_3                           0x2000016c   Data           4  chassis.o(.data)
    market_brake_4                           0x20000170   Data           4  chassis.o(.data)
    chassis_move_sta                         0x20000174   Data           1  chassis.o(.data)
    buff_3510iq                              0x20000176   Data           8  chassis.o(.data)
    V_previous                               0x20000180   Data           8  chassis.o(.data)
    V_Current                                0x20000188   Data           8  chassis.o(.data)
    dV                                       0x20000190   Data           8  chassis.o(.data)
    iV                                       0x20000198   Data           8  chassis.o(.data)
    V1                                       0x200001a0   Data           8  chassis.o(.data)
    round_cnt                                0x200001a8   Data           8  chassis.o(.data)
    V2_previous                              0x200001b0   Data           8  chassis.o(.data)
    V2_Current                               0x200001b8   Data           8  chassis.o(.data)
    dV2                                      0x200001c0   Data           8  chassis.o(.data)
    iV2                                      0x200001c8   Data           8  chassis.o(.data)
    V2                                       0x200001d0   Data           8  chassis.o(.data)
    round_cnt2                               0x200001d8   Data           8  chassis.o(.data)
    V3_previous                              0x200001e0   Data           8  chassis.o(.data)
    V3_Current                               0x200001e8   Data           8  chassis.o(.data)
    dV3                                      0x200001f0   Data           8  chassis.o(.data)
    iV3                                      0x200001f8   Data           8  chassis.o(.data)
    V3                                       0x20000200   Data           8  chassis.o(.data)
    round_cnt3                               0x20000208   Data           8  chassis.o(.data)
    V4_previous                              0x20000210   Data           8  chassis.o(.data)
    V4_Current                               0x20000218   Data           8  chassis.o(.data)
    dV4                                      0x20000220   Data           8  chassis.o(.data)
    iV4                                      0x20000228   Data           8  chassis.o(.data)
    V4                                       0x20000230   Data           8  chassis.o(.data)
    round_cnt4                               0x20000238   Data           8  chassis.o(.data)
    power_date                               0x20000240   Data           4  chassis.o(.data)
    qqq                                      0x20000244   Data           4  chassis.o(.data)
    k1                                       0x20000248   Data           4  chassis.o(.data)
    j                                        0x2000024c   Data           4  chassis.o(.data)
    oj                                       0x20000250   Data           4  chassis.o(.data)
    k2                                       0x20000254   Data           4  chassis.o(.data)
    k3                                       0x20000258   Data           4  chassis.o(.data)
    k4                                       0x2000025c   Data           4  chassis.o(.data)
    oj2                                      0x20000260   Data           4  chassis.o(.data)
    oj3                                      0x20000264   Data           4  chassis.o(.data)
    oj4                                      0x20000268   Data           4  chassis.o(.data)
    cm1                                      0x2000026c   Data           4  chassis.o(.data)
    cm2                                      0x20000270   Data           4  chassis.o(.data)
    cm3                                      0x20000274   Data           4  chassis.o(.data)
    cm4                                      0x20000278   Data           4  chassis.o(.data)
    ysigma                                   0x2000027c   Data           4  chassis.o(.data)
    xsigma                                   0x20000280   Data           4  chassis.o(.data)
    asigma                                   0x20000284   Data           4  chassis.o(.data)
    last_ysigma                              0x20000288   Data           4  chassis.o(.data)
    last_xsigma                              0x2000028c   Data           4  chassis.o(.data)
    ydelta                                   0x20000290   Data           4  chassis.o(.data)
    xdelta                                   0x20000294   Data           4  chassis.o(.data)
    adelta                                   0x20000298   Data           4  chassis.o(.data)
    xpos                                     0x2000029c   Data           4  chassis.o(.data)
    ypos                                     0x200002a0   Data           4  chassis.o(.data)
    apos                                     0x200002a4   Data           4  chassis.o(.data)
    xx                                       0x200002a8   Data           4  chassis.o(.data)
    yy                                       0x200002ac   Data           4  chassis.o(.data)
    xtotal                                   0x200002b0   Data           4  chassis.o(.data)
    ytotal                                   0x200002b4   Data           4  chassis.o(.data)
    fai                                      0x200002b8   Data           4  chassis.o(.data)
    theta                                    0x200002bc   Data           4  chassis.o(.data)
    YawAntiOffset                            0x200002c0   Data           2  chassis.o(.data)
    rc_E_sta                                 0x200002c2   Data           1  chassis.o(.data)
    scope_param                              0x200002c4   Data           8  chassis.o(.data)
    mainflod_use_date                        0x20000310   Data           2  kb.o(.data)
    beida                                    0x20000314   Data           4  kb.o(.data)
    beidaflag                                0x20000318   Data           4  kb.o(.data)
    beida1                                   0x2000031c   Data           4  kb.o(.data)
    beidaflag1                               0x20000320   Data           4  kb.o(.data)
    huanxiang                                0x20000324   Data           4  kb.o(.data)
    huanxiangflag                            0x20000328   Data           4  kb.o(.data)
    huanchong                                0x2000032c   Data           1  kb.o(.data)
    armor_damage                             0x2000032d   Data           1  kb.o(.data)
    armor_damage_time                        0x2000032e   Data           2  kb.o(.data)
    fangxiang                                0x20000330   Data           1  kb.o(.data)
    swing_r                                  0x20000331   Data           1  kb.o(.data)
    swing_l                                  0x20000332   Data           1  kb.o(.data)
    ForwardSpeedMin                          0x20000334   Data           2  kb.o(.data)
    BackwardSpeedMin                         0x20000336   Data           2  kb.o(.data)
    RightSpeedMin                            0x20000338   Data           2  kb.o(.data)
    LiftSpeedMin                             0x2000033a   Data           2  kb.o(.data)
    a4                                       0x2000033c   Data           1  kb.o(.data)
    a5                                       0x2000033d   Data           1  kb.o(.data)
    key_code                                 0x2000033e   Data           2  kb.o(.data)
    kb_move_mode                             0x20000340   Data           1  kb.o(.data)
    max_kb_move_speed                        0x20000342   Data           2  kb.o(.data)
    AntiMode                                 0x20000344   Data           1  kb.o(.data)
    rc_Q_sta                                 0x20000345   Data           1  kb.o(.data)
    rc_R_sta                                 0x20000346   Data           1  kb.o(.data)
    key_use_flag                             0x20000348   Data           4  kb.o(.data)
    chassis_huanchong_power                  0x2000034c   Data           4  kb.o(.data)
    light_sensor_left                        0x20000350   Data           4  kb.o(.data)
    light_sensor_right                       0x20000354   Data           4  kb.o(.data)
    turning                                  0x20000358   Data           4  kb.o(.data)
    MagazinePwm                              0x2000035c   Data           2  kb.o(.data)
    MagazineOpen                             0x2000035e   Data           2  kb.o(.data)
    MagazineClose                            0x20000360   Data           2  kb.o(.data)
    cap_flag                                 0x20000362   Data           1  kb.o(.data)
    max_power                                0x20000364   Data           2  kb.o(.data)
    KeyStateTypeDef                          0x20000366   Data           1  kb.o(.data)
    SystemCoreClock                          0x20000368   Data           4  system_stm32f4xx.o(.data)
    pxCurrentTCB                             0x20000390   Data           4  tasks.o(.data)
    uwTick                                   0x200003c8   Data           4  stm32f4xx_hal.o(.data)
    date_reciev                              0x200003cc   Data           6  bsp_can.o(.data)
    yaw_zgyro_angle                          0x200003d4   Data           4  bsp_can.o(.data)
    ZGyroModuleAngle                         0x200003d8   Data           4  bsp_can.o(.data)
    SectorError                              0x200003e0   Data           4  bsp_flash.o(.data)
    wwww                                     0x200003e4   Data           4  bt.o(.data)
    info_dateTran                            0x200003e8   Data           8  bt.o(.data)
    cv_num                                   0x200003f0   Data           1  bt.o(.data)
    Vision_Time_Test                         0x200003f4   Data           8  bt.o(.data)
    Vision_Ping                              0x200003fc   Data           2  bt.o(.data)
    USART6_FLAG                              0x200003fe   Data           1  bt.o(.data)
    cv_yaw                                   0x20000400   Data           2  bt.o(.data)
    cv_pit                                   0x20000402   Data           2  bt.o(.data)
    frame_cnt                                0x20000404   Data           1  bt.o(.data)
    err_cnt                                  0x20000405   Data           1  bt.o(.data)
    fps_total                                0x20000408   Data           4  bt.o(.data)
    last_cv                                  0x2000040c   Data           4  bt.o(.data)
    delta_cv                                 0x20000410   Data           4  bt.o(.data)
    fps                                      0x20000414   Data           1  bt.o(.data)
    DBUS_RXD_Count                           0x20000415   Data           1  bt.o(.data)
    Last_DBUS_RXD_Count                      0x20000416   Data           1  bt.o(.data)
    GZ1MAX                                   0x20000428   Data           4  mpu.o(.data)
    GZ1MIN                                   0x2000042c   Data           4  mpu.o(.data)
    ist_buff                                 0x20000430   Data           6  mpu.o(.data)
    test_yaw1                                0x20000438   Data           4  mpu.o(.data)
    test_yaw2                                0x2000043c   Data           4  mpu.o(.data)
    eff                                      0x20000440   Data           2  mpu.o(.data)
    eff2                                     0x20000442   Data           2  mpu.o(.data)
    gy_z                                     0x20000444   Data           2  mpu.o(.data)
    C_Gyo_z                                  0x20000448   Data           4  mpu.o(.data)
    mpu_gz_Offset                            0x2000044c   Data           4  mpu.o(.data)
    mpu_gx_Offset                            0x20000450   Data           4  mpu.o(.data)
    mpu_gy_Offset                            0x20000454   Data           4  mpu.o(.data)
    id                                       0x20000458   Data           1  mpu.o(.data)
    Kp                                       0x20000480   Data           4  ahrs.o(.data)
    Ki                                       0x20000484   Data           4  ahrs.o(.data)
    test                                     0x20000488   Data          11  calibrate.o(.data)
    testNum                                  0x20000498   Data           2  judge_sys.o(.data)
    receive_vision                           0x2000049a   Data           2  judge_sys.o(.data)
    testcmdId                                0x2000049c   Data           2  judge_sys.o(.data)
    LastReaminHP                             0x2000049e   Data           2  judge_sys.o(.data)
    HurtAnti                                 0x200004a0   Data           1  judge_sys.o(.data)
    HurtCount                                0x200004a4   Data           4  judge_sys.o(.data)
    AntiNum                                  0x200004a8   Data           1  judge_sys.o(.data)
    TransmitData                             0x200004a9   Data          28  judge_sys.o(.data)
    StudentInfSendF                          0x200004c5   Data           1  judge_sys.o(.data)
    CRC_INIT                                 0x200004c6   Data           2  judge_sys.o(.data)
    htim6                                    0x200004c8   Data          60  stm32f4xx_hal_timebase_tim.o(.bss)
    hcan1                                    0x20000504   Data          64  can.o(.bss)
    hcan2                                    0x20000544   Data          64  can.o(.bss)
    hspi5                                    0x20000584   Data          88  spi.o(.bss)
    htim1                                    0x200005dc   Data          60  tim.o(.bss)
    htim2                                    0x20000618   Data          60  tim.o(.bss)
    htim3                                    0x20000654   Data          60  tim.o(.bss)
    htim4                                    0x20000690   Data          60  tim.o(.bss)
    htim5                                    0x200006cc   Data          60  tim.o(.bss)
    htim7                                    0x20000708   Data          60  tim.o(.bss)
    htim8                                    0x20000744   Data          60  tim.o(.bss)
    htim12                                   0x20000780   Data          60  tim.o(.bss)
    watch_param                              0x200007bc   Data          16  gimbal.o(.bss)
    watch_pit                                0x200007cc   Data          16  gimbal.o(.bss)
    gYaw                                     0x200007dc   Data          52  gimbal.o(.bss)
    speed_array                              0x20000810   Data         200  chassis.o(.bss)
    chassis_v                                0x200008d8   Data          16  chassis.o(.bss)
    chassis                                  0x200008e8   Data         136  chassis.o(.bss)
    JudgeeverydataE                          0x20000970   Data         148  chassis.o(.bss)
    tu_rc                                    0x20000a04   Data          18  chassis.o(.bss)
    ma_total                                 0x20000a18   Data          16  chassis.o(.bss)
    gRxErr                                   0x20000a28   Data         204  error_task.o(.bss)
    km                                       0x20000af4   Data          24  kb.o(.bss)
    huart1                                   0x20000b0c   Data          64  usart.o(.bss)
    huart2                                   0x20000b4c   Data          64  usart.o(.bss)
    huart3                                   0x20000b8c   Data          64  usart.o(.bss)
    huart6                                   0x20000bcc   Data          64  usart.o(.bss)
    hdma_usart1_rx                           0x20000c0c   Data          96  usart.o(.bss)
    hdma_usart2_rx                           0x20000c6c   Data          96  usart.o(.bss)
    hdma_usart3_rx                           0x20000ccc   Data          96  usart.o(.bss)
    hdma_usart6_rx                           0x20000d2c   Data          96  usart.o(.bss)
    pFlash                                   0x20004a7c   Data          32  stm32f4xx_hal_flash.o(.bss)
    moto_pit                                 0x20004a9c   Data          44  bsp_can.o(.bss)
    moto_yaw                                 0x20004ac8   Data          44  bsp_can.o(.bss)
    moto_poke                                0x20004af4   Data          44  bsp_can.o(.bss)
    moto_brake                               0x20004b20   Data          44  bsp_can.o(.bss)
    moto_chassis                             0x20004b4c   Data         176  bsp_can.o(.bss)
    moto_cap                                 0x20004bfc   Data          10  bsp_can.o(.bss)
    VisionRecvData_te                        0x20004c9c   Data          13  bt.o(.bss)
    rc                                       0x20004caa   Data          20  bt.o(.bss)
    bt_rx_buff                               0x20004cbe   Data         100  bt.o(.bss)
    dbus_buff                                0x20004d22   Data          20  bt.o(.bss)
    cv_buff                                  0x20004d36   Data          50  bt.o(.bss)
    info_judge                               0x20004d68   Data          46  bt.o(.bss)
    rcDataTable                              0x20004d98   Data         236  bt.o(.bss)
    easyTable                                0x20004e84   Data         236  bt.o(.bss)
    transmit_frame                           0x20004f70   Data           9  bt.o(.bss)
    game_info_use                            0x20004f7c   Data          24  bt.o(.bss)
    pid_rol                                  0x20004f94   Data         112  pid.o(.bss)
    pid_pit                                  0x20005004   Data         112  pid.o(.bss)
    pid_yaw                                  0x20005074   Data         112  pid.o(.bss)
    pid_vy                                   0x200050e4   Data         112  pid.o(.bss)
    pid_yaw_omg                              0x20005154   Data         112  pid.o(.bss)
    pid_pit_omg                              0x200051c4   Data         112  pid.o(.bss)
    pid_yaw_alfa                             0x20005234   Data         112  pid.o(.bss)
    pid_spd                                  0x200052a4   Data         448  pid.o(.bss)
    pid_chassis_angle                        0x20005464   Data         112  pid.o(.bss)
    pid_poke                                 0x200054d4   Data         112  pid.o(.bss)
    pid_poke_omg                             0x20005544   Data         112  pid.o(.bss)
    pid_Brake                                0x200055b4   Data         112  pid.o(.bss)
    pid_Brake_omg                            0x20005624   Data         112  pid.o(.bss)
    pid_big_poke                             0x20005694   Data         112  pid.o(.bss)
    pid_big_poke_omg                         0x20005704   Data         112  pid.o(.bss)
    pid_imu_tmp                              0x20005774   Data         112  pid.o(.bss)
    pid_x                                    0x200057e4   Data         112  pid.o(.bss)
    pid_cv_y                                 0x20005854   Data         112  pid.o(.bss)
    pid_cv_p                                 0x200058c4   Data         112  pid.o(.bss)
    mpu_buff                                 0x20005934   Data          14  mpu.o(.bss)
    mpu_data                                 0x20005942   Data          32  mpu.o(.bss)
    imu                                      0x20005964   Data          40  mpu.o(.bss)
    MPU6050_FIFO                             0x2000598c   Data         132  mpu.o(.bss)
    accgyroval                               0x20005a10   Data          12  mpu.o(.bss)
    euler                                    0x20005a1c   Data          12  ahrs.o(.bss)
    aeuler                                   0x20005a28   Data          12  ahrs.o(.bss)
    gAppParam                                0x20005a34   Data          41  calibrate.o(.bss)
    judgementBuf                             0x20005a6c   Data         255  judge_sys.o(.bss)
    __libspace_start                         0x20005b6c   Data          96  libspace.o(.bss)
    __temporary_stack_top$libspace           0x20005bcc   Data           0  libspace.o(.bss)
    JumpIapFlag                              0x40024000   Data           4  bt.o(.ARM.__AT_0x40024000)



==============================================================================

Memory Map of the image

  Image Entry point : 0x080001ad

  Load Region LR_IROM1 (Base: 0x08000000, Size: 0x0000b728, Max: 0x00200000, ABSOLUTE, COMPRESSED[0x0000b32c])

    Execution Region ER_IROM1 (Exec base: 0x08000000, Load base: 0x08000000, Size: 0x0000b260, Max: 0x00200000, ABSOLUTE)

    Exec Addr    Load Addr    Size         Type   Attr      Idx    E Section Name        Object

    0x08000000   0x08000000   0x000001ac   Data   RO         1194    RESET               startup_stm32f427xx.o
    0x080001ac   0x080001ac   0x00000008   Code   RO         5671  * !!!main             c_w.l(__main.o)
    0x080001b4   0x080001b4   0x00000034   Code   RO         6141    !!!scatter          c_w.l(__scatter.o)
    0x080001e8   0x080001e8   0x0000005a   Code   RO         6139    !!dczerorl2         c_w.l(__dczerorl2.o)
    0x08000242   0x08000242   0x00000002   PAD
    0x08000244   0x08000244   0x0000001c   Code   RO         6143    !!handler_zi        c_w.l(__scatter_zi.o)
    0x08000260   0x08000260   0x00000002   Code   RO         6006    .ARM.Collect$$libinit$$00000000  c_w.l(libinit.o)
    0x08000262   0x08000262   0x00000004   Code   RO         6016    .ARM.Collect$$libinit$$00000001  c_w.l(libinit2.o)
    0x08000266   0x08000266   0x00000000   Code   RO         6019    .ARM.Collect$$libinit$$00000004  c_w.l(libinit2.o)
    0x08000266   0x08000266   0x00000000   Code   RO         6022    .ARM.Collect$$libinit$$0000000A  c_w.l(libinit2.o)
    0x08000266   0x08000266   0x00000000   Code   RO         6024    .ARM.Collect$$libinit$$0000000C  c_w.l(libinit2.o)
    0x08000266   0x08000266   0x00000000   Code   RO         6026    .ARM.Collect$$libinit$$0000000E  c_w.l(libinit2.o)
    0x08000266   0x08000266   0x00000000   Code   RO         6029    .ARM.Collect$$libinit$$00000011  c_w.l(libinit2.o)
    0x08000266   0x08000266   0x00000000   Code   RO         6031    .ARM.Collect$$libinit$$00000013  c_w.l(libinit2.o)
    0x08000266   0x08000266   0x00000000   Code   RO         6033    .ARM.Collect$$libinit$$00000015  c_w.l(libinit2.o)
    0x08000266   0x08000266   0x00000000   Code   RO         6035    .ARM.Collect$$libinit$$00000017  c_w.l(libinit2.o)
    0x08000266   0x08000266   0x00000000   Code   RO         6037    .ARM.Collect$$libinit$$00000019  c_w.l(libinit2.o)
    0x08000266   0x08000266   0x00000000   Code   RO         6039    .ARM.Collect$$libinit$$0000001B  c_w.l(libinit2.o)
    0x08000266   0x08000266   0x00000000   Code   RO         6041    .ARM.Collect$$libinit$$0000001D  c_w.l(libinit2.o)
    0x08000266   0x08000266   0x00000000   Code   RO         6043    .ARM.Collect$$libinit$$0000001F  c_w.l(libinit2.o)
    0x08000266   0x08000266   0x00000000   Code   RO         6045    .ARM.Collect$$libinit$$00000021  c_w.l(libinit2.o)
    0x08000266   0x08000266   0x00000000   Code   RO         6047    .ARM.Collect$$libinit$$00000023  c_w.l(libinit2.o)
    0x08000266   0x08000266   0x00000000   Code   RO         6049    .ARM.Collect$$libinit$$00000025  c_w.l(libinit2.o)
    0x08000266   0x08000266   0x00000000   Code   RO         6053    .ARM.Collect$$libinit$$0000002C  c_w.l(libinit2.o)
    0x08000266   0x08000266   0x00000000   Code   RO         6055    .ARM.Collect$$libinit$$0000002E  c_w.l(libinit2.o)
    0x08000266   0x08000266   0x00000000   Code   RO         6057    .ARM.Collect$$libinit$$00000030  c_w.l(libinit2.o)
    0x08000266   0x08000266   0x00000000   Code   RO         6059    .ARM.Collect$$libinit$$00000032  c_w.l(libinit2.o)
    0x08000266   0x08000266   0x00000002   Code   RO         6060    .ARM.Collect$$libinit$$00000033  c_w.l(libinit2.o)
    0x08000268   0x08000268   0x00000002   Code   RO         6080    .ARM.Collect$$libshutdown$$00000000  c_w.l(libshutdown.o)
    0x0800026a   0x0800026a   0x00000000   Code   RO         6094    .ARM.Collect$$libshutdown$$00000003  c_w.l(libshutdown2.o)
    0x0800026a   0x0800026a   0x00000000   Code   RO         6097    .ARM.Collect$$libshutdown$$00000006  c_w.l(libshutdown2.o)
    0x0800026a   0x0800026a   0x00000000   Code   RO         6100    .ARM.Collect$$libshutdown$$00000009  c_w.l(libshutdown2.o)
    0x0800026a   0x0800026a   0x00000000   Code   RO         6102    .ARM.Collect$$libshutdown$$0000000B  c_w.l(libshutdown2.o)
    0x0800026a   0x0800026a   0x00000000   Code   RO         6105    .ARM.Collect$$libshutdown$$0000000E  c_w.l(libshutdown2.o)
    0x0800026a   0x0800026a   0x00000002   Code   RO         6106    .ARM.Collect$$libshutdown$$0000000F  c_w.l(libshutdown2.o)
    0x0800026c   0x0800026c   0x00000000   Code   RO         5737    .ARM.Collect$$rtentry$$00000000  c_w.l(__rtentry.o)
    0x0800026c   0x0800026c   0x00000000   Code   RO         5918    .ARM.Collect$$rtentry$$00000002  c_w.l(__rtentry2.o)
    0x0800026c   0x0800026c   0x00000006   Code   RO         5930    .ARM.Collect$$rtentry$$00000004  c_w.l(__rtentry4.o)
    0x08000272   0x08000272   0x00000000   Code   RO         5920    .ARM.Collect$$rtentry$$00000009  c_w.l(__rtentry2.o)
    0x08000272   0x08000272   0x00000004   Code   RO         5921    .ARM.Collect$$rtentry$$0000000A  c_w.l(__rtentry2.o)
    0x08000276   0x08000276   0x00000000   Code   RO         5923    .ARM.Collect$$rtentry$$0000000C  c_w.l(__rtentry2.o)
    0x08000276   0x08000276   0x00000008   Code   RO         5924    .ARM.Collect$$rtentry$$0000000D  c_w.l(__rtentry2.o)
    0x0800027e   0x0800027e   0x00000002   Code   RO         6009    .ARM.Collect$$rtexit$$00000000  c_w.l(rtexit.o)
    0x08000280   0x08000280   0x00000000   Code   RO         6062    .ARM.Collect$$rtexit$$00000002  c_w.l(rtexit2.o)
    0x08000280   0x08000280   0x00000004   Code   RO         6063    .ARM.Collect$$rtexit$$00000003  c_w.l(rtexit2.o)
    0x08000284   0x08000284   0x00000006   Code   RO         6064    .ARM.Collect$$rtexit$$00000004  c_w.l(rtexit2.o)
    0x0800028a   0x0800028a   0x00000002   PAD
    0x0800028c   0x0800028c   0x000000ba   Code   RO         1670    .emb_text           port.o
    0x08000346   0x08000346   0x00000002   PAD
    0x08000348   0x08000348   0x00000040   Code   RO         1195    .text               startup_stm32f427xx.o
    0x08000388   0x08000388   0x0000008a   Code   RO         5659    .text               c_w.l(rt_memcpy_v6.o)
    0x08000412   0x08000412   0x00000064   Code   RO         5661    .text               c_w.l(rt_memcpy_w.o)
    0x08000476   0x08000476   0x00000010   Code   RO         5663    .text               c_w.l(aeabi_memset.o)
    0x08000486   0x08000486   0x00000044   Code   RO         5665    .text               c_w.l(rt_memclr.o)
    0x080004ca   0x080004ca   0x0000004e   Code   RO         5667    .text               c_w.l(rt_memclr_w.o)
    0x08000518   0x08000518   0x00000006   Code   RO         5669    .text               c_w.l(heapauxi.o)
    0x0800051e   0x0800051e   0x00000016   Code   RO         5738    .text               c_w.l(_rserrno.o)
    0x08000534   0x08000534   0x00000008   Code   RO         5935    .text               c_w.l(rt_errno_addr_intlibspace.o)
    0x0800053c   0x0800053c   0x00000008   Code   RO         5957    .text               c_w.l(libspace.o)
    0x08000544   0x08000544   0x0000004a   Code   RO         5960    .text               c_w.l(sys_stackheap_outer.o)
    0x0800058e   0x0800058e   0x0000000c   Code   RO         5999    .text               c_w.l(exit.o)
    0x0800059a   0x0800059a   0x00000002   PAD
    0x0800059c   0x0800059c   0x0000000c   Code   RO         6072    .text               c_w.l(sys_exit.o)
    0x080005a8   0x080005a8   0x00000002   Code   RO         6083    .text               c_w.l(use_no_semi.o)
    0x080005aa   0x080005aa   0x00000000   Code   RO         6085    .text               c_w.l(indicate_semi.o)
    0x080005aa   0x080005aa   0x00000002   PAD
    0x080005ac   0x080005ac   0x000003d0   Code   RO         5468    i.AHRS_GetAttitude  ahrs.o
    0x0800097c   0x0800097c   0x00000668   Code   RO         5469    i.AHRS_Update       ahrs.o
    0x08000fe4   0x08000fe4   0x00000018   Code   RO         5517    i.AppParamReadFromFlash  calibrate.o
    0x08000ffc   0x08000ffc   0x00000010   Code   RO         5518    i.AppParamSave2Flash  calibrate.o
    0x0800100c   0x0800100c   0x0000006c   Code   RO         5083    i.BSP_FLASH_Write   bsp_flash.o
    0x08001078   0x08001078   0x00000164   Code   RO          909    i.Brake_calibration  chassis.o
    0x080011dc   0x080011dc   0x00000004   Code   RO          261    i.BusFault_Handler  stm32f4xx_it.o
    0x080011e0   0x080011e0   0x00000010   Code   RO          262    i.CAN1_RX0_IRQHandler  stm32f4xx_it.o
    0x080011f0   0x080011f0   0x00000010   Code   RO          263    i.CAN1_TX_IRQHandler  stm32f4xx_it.o
    0x08001200   0x08001200   0x00000010   Code   RO          264    i.CAN2_RX0_IRQHandler  stm32f4xx_it.o
    0x08001210   0x08001210   0x00000010   Code   RO          265    i.CAN2_TX_IRQHandler  stm32f4xx_it.o
    0x08001220   0x08001220   0x000001a8   Code   RO         3071    i.CAN_Receive_IT    stm32f4xx_hal_can.o
    0x080013c8   0x080013c8   0x00000074   Code   RO         3072    i.CAN_Transmit_IT   stm32f4xx_hal_can.o
    0x0800143c   0x0800143c   0x00000040   Code   RO         5519    i.CalibrateHook     calibrate.o
    0x0800147c   0x0800147c   0x00000284   Code   RO          785    i.ConsoleCtrl       gimbal.o
    0x08001700   0x08001700   0x00000010   Code   RO          266    i.DMA1_Stream1_IRQHandler  stm32f4xx_it.o
    0x08001710   0x08001710   0x00000010   Code   RO          267    i.DMA1_Stream5_IRQHandler  stm32f4xx_it.o
    0x08001720   0x08001720   0x00000010   Code   RO          268    i.DMA2_Stream1_IRQHandler  stm32f4xx_it.o
    0x08001730   0x08001730   0x00000010   Code   RO          269    i.DMA2_Stream2_IRQHandler  stm32f4xx_it.o
    0x08001740   0x08001740   0x00000034   Code   RO         3958    i.DMA_CalcBaseAndBitshift  stm32f4xx_hal_dma.o
    0x08001774   0x08001774   0x000000ba   Code   RO         3959    i.DMA_CheckFifoParam  stm32f4xx_hal_dma.o
    0x0800182e   0x0800182e   0x0000002c   Code   RO         3960    i.DMA_SetConfig     stm32f4xx_hal_dma.o
    0x0800185a   0x0800185a   0x00000002   Code   RO          270    i.DebugMon_Handler  stm32f4xx_it.o
    0x0800185c   0x0800185c   0x000000d0   Code   RO         5124    i.Dma_Callback_RC_Handle  bt.o
    0x0800192c   0x0800192c   0x00000004   Code   RO          582    i.Error_Handler     main.o
    0x08001930   0x08001930   0x0000006c   Code   RO         3647    i.FLASH_Erase_Sector  stm32f4xx_hal_flash_ex.o
    0x0800199c   0x0800199c   0x00000078   Code   RO         3648    i.FLASH_FlushCaches  stm32f4xx_hal_flash_ex.o
    0x08001a14   0x08001a14   0x00000054   Code   RO         3649    i.FLASH_MassErase   stm32f4xx_hal_flash_ex.o
    0x08001a68   0x08001a68   0x00000024   Code   RO         2722    i.FLASH_Program_Byte  stm32f4xx_hal_flash.o
    0x08001a8c   0x08001a8c   0x0000002c   Code   RO         2723    i.FLASH_Program_DoubleWord  stm32f4xx_hal_flash.o
    0x08001ab8   0x08001ab8   0x00000028   Code   RO         2724    i.FLASH_Program_HalfWord  stm32f4xx_hal_flash.o
    0x08001ae0   0x08001ae0   0x00000028   Code   RO         2725    i.FLASH_Program_Word  stm32f4xx_hal_flash.o
    0x08001b08   0x08001b08   0x000000b4   Code   RO         2726    i.FLASH_SetErrorCode  stm32f4xx_hal_flash.o
    0x08001bbc   0x08001bbc   0x00000070   Code   RO         2727    i.FLASH_WaitForLastOperation  stm32f4xx_hal_flash.o
    0x08001c2c   0x08001c2c   0x000001d0   Code   RO         5084    i.GetSector         bsp_flash.o
    0x08001dfc   0x08001dfc   0x00000034   Code   RO         5578    i.Get_CRC16_Check_Sum  judge_sys.o
    0x08001e30   0x08001e30   0x00000024   Code   RO         5579    i.Get_CRC8_Check_Sum  judge_sys.o
    0x08001e54   0x08001e54   0x0000012c   Code   RO         3073    i.HAL_CAN_ConfigFilter  stm32f4xx_hal_can.o
    0x08001f80   0x08001f80   0x00000002   Code   RO         3075    i.HAL_CAN_ErrorCallback  stm32f4xx_hal_can.o
    0x08001f82   0x08001f82   0x00000002   PAD
    0x08001f84   0x08001f84   0x000001cc   Code   RO         3078    i.HAL_CAN_IRQHandler  stm32f4xx_hal_can.o
    0x08002150   0x08002150   0x000001c0   Code   RO         3079    i.HAL_CAN_Init      stm32f4xx_hal_can.o
    0x08002310   0x08002310   0x00000134   Code   RO          473    i.HAL_CAN_MspInit   can.o
    0x08002444   0x08002444   0x000000ae   Code   RO         3083    i.HAL_CAN_Receive_IT  stm32f4xx_hal_can.o
    0x080024f2   0x080024f2   0x00000002   PAD
    0x080024f4   0x080024f4   0x0000015c   Code   RO         5002    i.HAL_CAN_RxCpltCallback  bsp_can.o
    0x08002650   0x08002650   0x00000260   Code   RO         3086    i.HAL_CAN_Transmit  stm32f4xx_hal_can.o
    0x080028b0   0x080028b0   0x00000002   Code   RO         3088    i.HAL_CAN_TxCpltCallback  stm32f4xx_hal_can.o
    0x080028b2   0x080028b2   0x00000028   Code   RO         3962    i.HAL_DMA_Abort_IT  stm32f4xx_hal_dma.o
    0x080028da   0x080028da   0x00000002   PAD
    0x080028dc   0x080028dc   0x00000248   Code   RO         3966    i.HAL_DMA_IRQHandler  stm32f4xx_hal_dma.o
    0x08002b24   0x08002b24   0x000000e8   Code   RO         3967    i.HAL_DMA_Init      stm32f4xx_hal_dma.o
    0x08002c0c   0x08002c0c   0x00000066   Code   RO         3970    i.HAL_DMA_Start     stm32f4xx_hal_dma.o
    0x08002c72   0x08002c72   0x0000001a   Code   RO         2847    i.HAL_Delay         stm32f4xx_hal.o
    0x08002c8c   0x08002c8c   0x000000b0   Code   RO         3664    i.HAL_FLASHEx_Erase  stm32f4xx_hal_flash_ex.o
    0x08002d3c   0x08002d3c   0x00000014   Code   RO         2731    i.HAL_FLASH_Lock    stm32f4xx_hal_flash.o
    0x08002d50   0x08002d50   0x00000098   Code   RO         2736    i.HAL_FLASH_Program  stm32f4xx_hal_flash.o
    0x08002de8   0x08002de8   0x0000002c   Code   RO         2738    i.HAL_FLASH_Unlock  stm32f4xx_hal_flash.o
    0x08002e14   0x08002e14   0x0000021c   Code   RO         3584    i.HAL_GPIO_Init     stm32f4xx_hal_gpio.o
    0x08003030   0x08003030   0x00000010   Code   RO         3586    i.HAL_GPIO_ReadPin  stm32f4xx_hal_gpio.o
    0x08003040   0x08003040   0x0000000c   Code   RO         3588    i.HAL_GPIO_WritePin  stm32f4xx_hal_gpio.o
    0x0800304c   0x0800304c   0x0000000c   Code   RO         2855    i.HAL_GetTick       stm32f4xx_hal.o
    0x08003058   0x08003058   0x00000010   Code   RO         2856    i.HAL_IncTick       stm32f4xx_hal.o
    0x08003068   0x08003068   0x0000003c   Code   RO         2857    i.HAL_Init          stm32f4xx_hal.o
    0x080030a4   0x080030a4   0x0000008c   Code   RO          432    i.HAL_InitTick      stm32f4xx_hal_timebase_tim.o
    0x08003130   0x08003130   0x00000056   Code   RO          226    i.HAL_MspInit       stm32f4xx_hal_msp.o
    0x08003186   0x08003186   0x0000001a   Code   RO         2340    i.HAL_NVIC_EnableIRQ  stm32f4xx_hal_cortex.o
    0x080031a0   0x080031a0   0x0000007c   Code   RO         2346    i.HAL_NVIC_SetPriority  stm32f4xx_hal_cortex.o
    0x0800321c   0x0800321c   0x00000028   Code   RO         2347    i.HAL_NVIC_SetPriorityGrouping  stm32f4xx_hal_cortex.o
    0x08003244   0x08003244   0x000000a4   Code   RO         3005    i.HAL_PWREx_EnableOverDrive  stm32f4xx_hal_pwr_ex.o
    0x080032e8   0x080032e8   0x000001d0   Code   RO         3477    i.HAL_RCC_ClockConfig  stm32f4xx_hal_rcc.o
    0x080034b8   0x080034b8   0x00000044   Code   RO         3481    i.HAL_RCC_GetClockConfig  stm32f4xx_hal_rcc.o
    0x080034fc   0x080034fc   0x0000000c   Code   RO         3482    i.HAL_RCC_GetHCLKFreq  stm32f4xx_hal_rcc.o
    0x08003508   0x08003508   0x0000002c   Code   RO         3484    i.HAL_RCC_GetPCLK1Freq  stm32f4xx_hal_rcc.o
    0x08003534   0x08003534   0x0000002c   Code   RO         3485    i.HAL_RCC_GetPCLK2Freq  stm32f4xx_hal_rcc.o
    0x08003560   0x08003560   0x000000b4   Code   RO         3486    i.HAL_RCC_GetSysClockFreq  stm32f4xx_hal_rcc.o
    0x08003614   0x08003614   0x0000039c   Code   RO         3489    i.HAL_RCC_OscConfig  stm32f4xx_hal_rcc.o
    0x080039b0   0x080039b0   0x0000008c   Code   RO         4731    i.HAL_SPI_Init      stm32f4xx_hal_spi.o
    0x08003a3c   0x08003a3c   0x0000005c   Code   RO          644    i.HAL_SPI_MspInit   spi.o
    0x08003a98   0x08003a98   0x0000021e   Code   RO         4740    i.HAL_SPI_TransmitReceive  stm32f4xx_hal_spi.o
    0x08003cb6   0x08003cb6   0x00000028   Code   RO         2349    i.HAL_SYSTICK_CLKSourceConfig  stm32f4xx_hal_cortex.o
    0x08003cde   0x08003cde   0x00000034   Code   RO         2351    i.HAL_SYSTICK_Config  stm32f4xx_hal_cortex.o
    0x08003d12   0x08003d12   0x00000002   Code   RO         3237    i.HAL_TIMEx_BreakCallback  stm32f4xx_hal_tim_ex.o
    0x08003d14   0x08003d14   0x00000002   Code   RO         3238    i.HAL_TIMEx_CommutationCallback  stm32f4xx_hal_tim_ex.o
    0x08003d16   0x08003d16   0x00000050   Code   RO         3239    i.HAL_TIMEx_ConfigBreakDeadTime  stm32f4xx_hal_tim_ex.o
    0x08003d66   0x08003d66   0x00000062   Code   RO         3254    i.HAL_TIMEx_MasterConfigSynchronization  stm32f4xx_hal_tim_ex.o
    0x08003dc8   0x08003dc8   0x00000034   Code   RO         4066    i.HAL_TIM_Base_Init  stm32f4xx_hal_tim.o
    0x08003dfc   0x08003dfc   0x00000002   Code   RO         4068    i.HAL_TIM_Base_MspInit  stm32f4xx_hal_tim.o
    0x08003dfe   0x08003dfe   0x0000001e   Code   RO         4071    i.HAL_TIM_Base_Start_IT  stm32f4xx_hal_tim.o
    0x08003e1c   0x08003e1c   0x00000002   Code   RO         4095    i.HAL_TIM_IC_CaptureCallback  stm32f4xx_hal_tim.o
    0x08003e1e   0x08003e1e   0x00000196   Code   RO         4108    i.HAL_TIM_IRQHandler  stm32f4xx_hal_tim.o
    0x08003fb4   0x08003fb4   0x00000174   Code   RO          685    i.HAL_TIM_MspPostInit  tim.o
    0x08004128   0x08004128   0x00000002   Code   RO         4111    i.HAL_TIM_OC_DelayElapsedCallback  stm32f4xx_hal_tim.o
    0x0800412a   0x0800412a   0x00000108   Code   RO         4132    i.HAL_TIM_PWM_ConfigChannel  stm32f4xx_hal_tim.o
    0x08004232   0x08004232   0x00000034   Code   RO         4135    i.HAL_TIM_PWM_Init  stm32f4xx_hal_tim.o
    0x08004266   0x08004266   0x00000002   PAD
    0x08004268   0x08004268   0x0000014c   Code   RO          687    i.HAL_TIM_PWM_MspInit  tim.o
    0x080043b4   0x080043b4   0x00000002   Code   RO         4138    i.HAL_TIM_PWM_PulseFinishedCallback  stm32f4xx_hal_tim.o
    0x080043b6   0x080043b6   0x00000002   PAD
    0x080043b8   0x080043b8   0x0000004c   Code   RO         4139    i.HAL_TIM_PWM_Start  stm32f4xx_hal_tim.o
    0x08004404   0x08004404   0x00000030   Code   RO          583    i.HAL_TIM_PeriodElapsedCallback  main.o
    0x08004434   0x08004434   0x00000002   Code   RO         4149    i.HAL_TIM_TriggerCallback  stm32f4xx_hal_tim.o
    0x08004436   0x08004436   0x00000002   Code   RO         2477    i.HAL_UART_ErrorCallback  stm32f4xx_hal_uart.o
    0x08004438   0x08004438   0x0000014c   Code   RO         2480    i.HAL_UART_IRQHandler  stm32f4xx_hal_uart.o
    0x08004584   0x08004584   0x00000072   Code   RO         2481    i.HAL_UART_Init     stm32f4xx_hal_uart.o
    0x080045f6   0x080045f6   0x00000002   PAD
    0x080045f8   0x080045f8   0x00000290   Code   RO         1203    i.HAL_UART_MspInit  usart.o
    0x08004888   0x08004888   0x00000002   Code   RO         2487    i.HAL_UART_RxCpltCallback  stm32f4xx_hal_uart.o
    0x0800488a   0x0800488a   0x000000d6   Code   RO         2489    i.HAL_UART_Transmit  stm32f4xx_hal_uart.o
    0x08004960   0x08004960   0x00000002   Code   RO         2492    i.HAL_UART_TxCpltCallback  stm32f4xx_hal_uart.o
    0x08004962   0x08004962   0x00000004   Code   RO          271    i.HardFault_Handler  stm32f4xx_it.o
    0x08004966   0x08004966   0x00000002   PAD
    0x08004968   0x08004968   0x000000d8   Code   RO         5125    i.LanggoUartFrameIRQHandler  bt.o
    0x08004a40   0x08004a40   0x000001f4   Code   RO         5355    i.MPU6050_DataSave  mpu.o
    0x08004c34   0x08004c34   0x00000010   Code   RO         5356    i.MPU_Set_Accel_Fsr  mpu.o
    0x08004c44   0x08004c44   0x00000010   Code   RO         5357    i.MPU_Set_Gyro_Fsr  mpu.o
    0x08004c54   0x08004c54   0x00000044   Code   RO          474    i.MX_CAN1_Init      can.o
    0x08004c98   0x08004c98   0x00000048   Code   RO          475    i.MX_CAN2_Init      can.o
    0x08004ce0   0x08004ce0   0x00000088   Code   RO          531    i.MX_DMA_Init       dma.o
    0x08004d68   0x08004d68   0x0000008c   Code   RO            3    i.MX_FREERTOS_Init  freertos.o
    0x08004df4   0x08004df4   0x00000244   Code   RO          558    i.MX_GPIO_Init      gpio.o
    0x08005038   0x08005038   0x00000044   Code   RO          645    i.MX_SPI5_Init      spi.o
    0x0800507c   0x0800507c   0x0000006c   Code   RO          688    i.MX_TIM12_Init     tim.o
    0x080050e8   0x080050e8   0x000000b0   Code   RO          689    i.MX_TIM1_Init      tim.o
    0x08005198   0x08005198   0x000000b0   Code   RO          690    i.MX_TIM2_Init      tim.o
    0x08005248   0x08005248   0x00000074   Code   RO          691    i.MX_TIM3_Init      tim.o
    0x080052bc   0x080052bc   0x000000a0   Code   RO          692    i.MX_TIM4_Init      tim.o
    0x0800535c   0x0800535c   0x000000a4   Code   RO          693    i.MX_TIM5_Init      tim.o
    0x08005400   0x08005400   0x0000000c   Code   RO          694    i.MX_TIM7_Init      tim.o
    0x0800540c   0x0800540c   0x000000c0   Code   RO          695    i.MX_TIM8_Init      tim.o
    0x080054cc   0x080054cc   0x0000003c   Code   RO         1204    i.MX_USART1_UART_Init  usart.o
    0x08005508   0x08005508   0x00000038   Code   RO         1205    i.MX_USART2_UART_Init  usart.o
    0x08005540   0x08005540   0x0000003c   Code   RO         1206    i.MX_USART3_UART_Init  usart.o
    0x0800557c   0x0800557c   0x00000038   Code   RO         1207    i.MX_USART6_UART_Init  usart.o
    0x080055b4   0x080055b4   0x00000004   Code   RO          272    i.MemManage_Handler  stm32f4xx_it.o
    0x080055b8   0x080055b8   0x00000002   Code   RO          273    i.NMI_Handler       stm32f4xx_it.o
    0x080055ba   0x080055ba   0x00000002   PAD
    0x080055bc   0x080055bc   0x00000010   Code   RO         2353    i.NVIC_GetPriorityGrouping  stm32f4xx_hal_cortex.o
    0x080055cc   0x080055cc   0x00000028   Code   RO         2354    i.NVIC_SetPriority  stm32f4xx_hal_cortex.o
    0x080055f4   0x080055f4   0x00000150   Code   RO          786    i.PID_Init          gimbal.o
    0x08005744   0x08005744   0x00000050   Code   RO         5297    i.PID_struct_init   pid.o
    0x08005794   0x08005794   0x00000104   Code   RO          787    i.PockText          gimbal.o
    0x08005898   0x08005898   0x00000028   Code   RO         4753    i.SPI_CheckFlag_BSY  stm32f4xx_hal_spi.o
    0x080058c0   0x080058c0   0x000000aa   Code   RO         4769    i.SPI_WaitFlagStateUntilTimeout  stm32f4xx_hal_spi.o
    0x0800596a   0x0800596a   0x00000002   PAD
    0x0800596c   0x0800596c   0x00000038   Code   RO         5581    i.SendLed           judge_sys.o
    0x080059a4   0x080059a4   0x00000064   Code   RO          788    i.ShootFreqDis      gimbal.o
    0x08005a08   0x08005a08   0x00000012   Code   RO            4    i.StartDefaultTask  freertos.o
    0x08005a1a   0x08005a1a   0x00000008   Code   RO          274    i.SysTick_Handler   stm32f4xx_it.o
    0x08005a22   0x08005a22   0x00000002   PAD
    0x08005a24   0x08005a24   0x000000cc   Code   RO          584    i.SystemClock_Config  main.o
    0x08005af0   0x08005af0   0x00000064   Code   RO         1162    i.SystemInit        system_stm32f4xx.o
    0x08005b54   0x08005b54   0x00000010   Code   RO          275    i.TIM6_DAC_IRQHandler  stm32f4xx_it.o
    0x08005b64   0x08005b64   0x00000010   Code   RO          276    i.TIM7_IRQHandler   stm32f4xx_it.o
    0x08005b74   0x08005b74   0x000000e4   Code   RO         4150    i.TIM_Base_SetConfig  stm32f4xx_hal_tim.o
    0x08005c58   0x08005c58   0x0000001c   Code   RO         4151    i.TIM_CCxChannelCmd  stm32f4xx_hal_tim.o
    0x08005c74   0x08005c74   0x00000054   Code   RO          696    i.TIM_Mode_Config   tim.o
    0x08005cc8   0x08005cc8   0x00000070   Code   RO         4159    i.TIM_OC1_SetConfig  stm32f4xx_hal_tim.o
    0x08005d38   0x08005d38   0x00000078   Code   RO         4160    i.TIM_OC2_SetConfig  stm32f4xx_hal_tim.o
    0x08005db0   0x08005db0   0x00000078   Code   RO         4161    i.TIM_OC3_SetConfig  stm32f4xx_hal_tim.o
    0x08005e28   0x08005e28   0x00000060   Code   RO         4162    i.TIM_OC4_SetConfig  stm32f4xx_hal_tim.o
    0x08005e88   0x08005e88   0x00000014   Code   RO          697    i.TIMx_NVIC_Configuration  tim.o
    0x08005e9c   0x08005e9c   0x00000014   Code   RO         2494    i.UART_DMAAbortOnError  stm32f4xx_hal_uart.o
    0x08005eb0   0x08005eb0   0x00000020   Code   RO         2500    i.UART_EndRxTransfer  stm32f4xx_hal_uart.o
    0x08005ed0   0x08005ed0   0x00000020   Code   RO         2501    i.UART_EndTransmit_IT  stm32f4xx_hal_uart.o
    0x08005ef0   0x08005ef0   0x00000066   Code   RO         5127    i.UART_Receive_DMA_No_IT  bt.o
    0x08005f56   0x08005f56   0x0000009a   Code   RO         2503    i.UART_Receive_IT   stm32f4xx_hal_uart.o
    0x08005ff0   0x08005ff0   0x00000368   Code   RO         2504    i.UART_SetConfig    stm32f4xx_hal_uart.o
    0x08006358   0x08006358   0x00000068   Code   RO         2505    i.UART_Transmit_IT  stm32f4xx_hal_uart.o
    0x080063c0   0x080063c0   0x0000006c   Code   RO         2506    i.UART_WaitOnFlagUntilTimeout  stm32f4xx_hal_uart.o
    0x0800642c   0x0800642c   0x00000014   Code   RO          277    i.USART1_IRQHandler  stm32f4xx_it.o
    0x08006440   0x08006440   0x00000014   Code   RO          278    i.USART2_IRQHandler  stm32f4xx_it.o
    0x08006454   0x08006454   0x00000014   Code   RO          279    i.USART3_IRQHandler  stm32f4xx_it.o
    0x08006468   0x08006468   0x00000014   Code   RO          280    i.USART6_IRQHandler  stm32f4xx_it.o
    0x0800647c   0x0800647c   0x00000004   Code   RO          281    i.UsageFault_Handler  stm32f4xx_it.o
    0x08006480   0x08006480   0x00000040   Code   RO         5582    i.Verify_CRC16_Check_Sum  judge_sys.o
    0x080064c0   0x080064c0   0x00000030   Code   RO         5583    i.Verify_CRC8_Check_Sum  judge_sys.o
    0x080064f0   0x080064f0   0x00000030   Code   RO         5896    i.__ARM_fpclassify  m_wm.l(fpclassify.o)
    0x08006520   0x08006520   0x00000026   Code   RO         5898    i.__ARM_fpclassifyf  m_wm.l(fpclassifyf.o)
    0x08006546   0x08006546   0x00000002   PAD
    0x08006548   0x08006548   0x00000360   Code   RO         5687    i.__hardfp_asin     m_wm.l(asin.o)
    0x080068a8   0x080068a8   0x000002d8   Code   RO         5862    i.__hardfp_atan     m_wm.l(atan.o)
    0x08006b80   0x08006b80   0x000001f0   Code   RO         5701    i.__hardfp_atan2    m_wm.l(atan2.o)
    0x08006d70   0x08006d70   0x00000250   Code   RO         5713    i.__hardfp_atan2f   m_wm.l(atan2f.o)
    0x08006fc0   0x08006fc0   0x0000007a   Code   RO         5725    i.__hardfp_sqrt     m_wm.l(sqrt.o)
    0x0800703a   0x0800703a   0x000000f8   Code   RO         5914    i.__kernel_poly     m_wm.l(poly.o)
    0x08007132   0x08007132   0x00000014   Code   RO         5877    i.__mathlib_dbl_infnan  m_wm.l(dunder.o)
    0x08007146   0x08007146   0x00000014   Code   RO         5878    i.__mathlib_dbl_infnan2  m_wm.l(dunder.o)
    0x0800715a   0x0800715a   0x00000006   PAD
    0x08007160   0x08007160   0x00000020   Code   RO         5879    i.__mathlib_dbl_invalid  m_wm.l(dunder.o)
    0x08007180   0x08007180   0x00000020   Code   RO         5882    i.__mathlib_dbl_underflow  m_wm.l(dunder.o)
    0x080071a0   0x080071a0   0x00000006   Code   RO         5902    i.__mathlib_flt_infnan2  m_wm.l(funder.o)
    0x080071a6   0x080071a6   0x00000002   PAD
    0x080071a8   0x080071a8   0x00000010   Code   RO         5906    i.__mathlib_flt_underflow  m_wm.l(funder.o)
    0x080071b8   0x080071b8   0x0000002e   Code   RO         5298    i.abs_limit         pid.o
    0x080071e6   0x080071e6   0x00000010   Code   RO         5864    i.atan              m_wm.l(atan.o)
    0x080071f6   0x080071f6   0x0000000e   Code   RO         5004    i.can_recieve_date  bsp_can.o
    0x08007204   0x08007204   0x00000078   Code   RO          790    i.can_send_gimbal_iq  gimbal.o
    0x0800727c   0x0800727c   0x00000370   Code   RO          910    i.chassis_task      chassis.o
    0x080075ec   0x080075ec   0x00000040   Code   RO         5130    i.dbus_init         bt.o
    0x0800762c   0x0800762c   0x000000f4   Code   RO         5131    i.deal_info_date    bt.o
    0x08007720   0x08007720   0x00000024   Code   RO         1012    i.err_detector_callback  error_task.o
    0x08007744   0x08007744   0x00000018   Code   RO         5892    i.fabs              m_wm.l(fabs.o)
    0x0800775c   0x0800775c   0x00000054   Code   RO         5006    i.get_cap_measure   bsp_can.o
    0x080077b0   0x080077b0   0x0000005c   Code   RO          911    i.get_chassis_mode_set_ref  chassis.o
    0x0800780c   0x0800780c   0x00000072   Code   RO         5007    i.get_moto_measure  bsp_can.o
    0x0800787e   0x0800787e   0x00000014   Code   RO         5008    i.get_moto_offset   bsp_can.o
    0x08007892   0x08007892   0x0000003a   Code   RO          791    i.get_relative_pos  gimbal.o
    0x080078cc   0x080078cc   0x0000036c   Code   RO          792    i.gimbal_task       gimbal.o
    0x08007c38   0x08007c38   0x000000f8   Code   RO         5521    i.imuCaliHook       calibrate.o
    0x08007d30   0x08007d30   0x00000010   Code   RO         5359    i.ist8310_get_data  mpu.o
    0x08007d40   0x08007d40   0x00000100   Code   RO         5360    i.ist8310_init      mpu.o
    0x08007e40   0x08007e40   0x0000003a   Code   RO         5361    i.ist_reg_read_by_mpu  mpu.o
    0x08007e7a   0x08007e7a   0x00000040   Code   RO         5362    i.ist_reg_write_by_mpu  mpu.o
    0x08007eba   0x08007eba   0x00000002   PAD
    0x08007ebc   0x08007ebc   0x00000040   Code   RO         5132    i.judge_sys_init    bt.o
    0x08007efc   0x08007efc   0x00000040   Code   RO         5133    i.judge_use_sys     bt.o
    0x08007f3c   0x08007f3c   0x000001fc   Code   RO         5584    i.judgementDataHandler  judge_sys.o
    0x08008138   0x08008138   0x00000168   Code   RO         1102    i.key_mouse_task    kb.o
    0x080082a0   0x080082a0   0x0000011c   Code   RO          585    i.main              main.o
    0x080083bc   0x080083bc   0x0000000e   Code   RO         1330    i.makeFreeRtosPriority  cmsis_os.o
    0x080083ca   0x080083ca   0x00000002   PAD
    0x080083cc   0x080083cc   0x00000040   Code   RO         5134    i.manifold_uart_init  bt.o
    0x0800840c   0x0800840c   0x00000230   Code   RO          912    i.mecanum_calc      chassis.o
    0x0800863c   0x0800863c   0x00000078   Code   RO         5363    i.mpu_device_init   mpu.o
    0x080086b4   0x080086b4   0x00000274   Code   RO         5364    i.mpu_get_data      mpu.o
    0x08008928   0x08008928   0x0000008c   Code   RO         5365    i.mpu_mst_i2c_auto_read_config  mpu.o
    0x080089b4   0x080089b4   0x00000054   Code   RO         5366    i.mpu_read_reg      mpu.o
    0x08008a08   0x08008a08   0x00000064   Code   RO         5367    i.mpu_read_regs     mpu.o
    0x08008a6c   0x08008a6c   0x00000058   Code   RO         5368    i.mpu_write_reg     mpu.o
    0x08008ac4   0x08008ac4   0x00000070   Code   RO         5010    i.my_can_filter_init_recv_all  bsp_can.o
    0x08008b34   0x08008b34   0x00000018   Code   RO         1331    i.osDelay           cmsis_os.o
    0x08008b4c   0x08008b4c   0x0000000a   Code   RO         1334    i.osKernelStart     cmsis_os.o
    0x08008b56   0x08008b56   0x00000010   Code   RO         1363    i.osSystickHandler  cmsis_os.o
    0x08008b66   0x08008b66   0x0000003a   Code   RO         1364    i.osThreadCreate    cmsis_os.o
    0x08008ba0   0x08008ba0   0x00000214   Code   RO         5299    i.pid_calc          pid.o
    0x08008db4   0x08008db4   0x00000254   Code   RO         5300    i.pid_calc_changing_i  pid.o
    0x08009008   0x08009008   0x00000014   Code   RO         5301    i.pid_param_init    pid.o
    0x0800901c   0x0800901c   0x0000000e   Code   RO         5302    i.pid_reset         pid.o
    0x0800902a   0x0800902a   0x00000002   PAD
    0x0800902c   0x0800902c   0x000000b8   Code   RO          913    i.pidd              chassis.o
    0x080090e4   0x080090e4   0x00000054   Code   RO         1910    i.prvAddCurrentTaskToDelayedList  tasks.o
    0x08009138   0x08009138   0x00000042   Code   RO         1911    i.prvAllocateTCBAndStack  tasks.o
    0x0800917a   0x0800917a   0x00000002   PAD
    0x0800917c   0x0800917c   0x00000064   Code   RO         1912    i.prvCheckTasksWaitingTermination  tasks.o
    0x080091e0   0x080091e0   0x00000012   Code   RO         1913    i.prvDeleteTCB      tasks.o
    0x080091f2   0x080091f2   0x00000002   PAD
    0x080091f4   0x080091f4   0x0000007c   Code   RO         1259    i.prvHeapInit       heap_4.o
    0x08009270   0x08009270   0x00000028   Code   RO         1914    i.prvIdleTask       tasks.o
    0x08009298   0x08009298   0x00000062   Code   RO         1915    i.prvInitialiseTCBVariables  tasks.o
    0x080092fa   0x080092fa   0x00000002   PAD
    0x080092fc   0x080092fc   0x00000068   Code   RO         1916    i.prvInitialiseTaskLists  tasks.o
    0x08009364   0x08009364   0x00000068   Code   RO         1260    i.prvInsertBlockIntoFreeList  heap_4.o
    0x080093cc   0x080093cc   0x00000034   Code   RO         1918    i.prvResetNextTaskUnblockTime  tasks.o
    0x08009400   0x08009400   0x00000040   Code   RO         1671    i.prvTaskExitError  port.o
    0x08009440   0x08009440   0x0000013c   Code   RO         1261    i.pvPortMalloc      heap_4.o
    0x0800957c   0x0800957c   0x00000028   Code   RO         1672    i.pxPortInitialiseStack  port.o
    0x080095a4   0x080095a4   0x00000080   Code   RO          918    i.reset_zgyro       chassis.o
    0x08009624   0x08009624   0x00000054   Code   RO          919    i.set_cm_current    chassis.o
    0x08009678   0x08009678   0x0000006e   Code   RO         5727    i.sqrt              m_wm.l(sqrt.o)
    0x080096e6   0x080096e6   0x00000002   PAD
    0x080096e8   0x080096e8   0x00000078   Code   RO          793    i.trigger_motor_turn_back  gimbal.o
    0x08009760   0x08009760   0x00000168   Code   RO         5136    i.uart_reset_idle_rx_callback  bt.o
    0x080098c8   0x080098c8   0x0000002c   Code   RO         5137    i.uart_send2pc      bt.o
    0x080098f4   0x080098f4   0x00000070   Code   RO         5139    i.uart_send_frame   bt.o
    0x08009964   0x08009964   0x00000028   Code   RO         2298    i.uxListRemove      list.o
    0x0800998c   0x0800998c   0x0000001a   Code   RO         2299    i.vListInitialise   list.o
    0x080099a6   0x080099a6   0x00000006   Code   RO         2300    i.vListInitialiseItem  list.o
    0x080099ac   0x080099ac   0x00000034   Code   RO         2301    i.vListInsert       list.o
    0x080099e0   0x080099e0   0x00000018   Code   RO         2302    i.vListInsertEnd    list.o
    0x080099f8   0x080099f8   0x00000054   Code   RO         1674    i.vPortEnterCritical  port.o
    0x08009a4c   0x08009a4c   0x0000003c   Code   RO         1675    i.vPortExitCritical  port.o
    0x08009a88   0x08009a88   0x00000094   Code   RO         1262    i.vPortFree         heap_4.o
    0x08009b1c   0x08009b1c   0x00000020   Code   RO         1676    i.vPortSetupTimerInterrupt  port.o
    0x08009b3c   0x08009b3c   0x0000008c   Code   RO         1929    i.vTaskDelay        tasks.o
    0x08009bc8   0x08009bc8   0x0000007c   Code   RO         1941    i.vTaskStartScheduler  tasks.o
    0x08009c44   0x08009c44   0x00000010   Code   RO         1943    i.vTaskSuspendAll   tasks.o
    0x08009c54   0x08009c54   0x0000008c   Code   RO         1944    i.vTaskSwitchContext  tasks.o
    0x08009ce0   0x08009ce0   0x0000013c   Code   RO         1678    i.xPortStartScheduler  port.o
    0x08009e1c   0x08009e1c   0x00000034   Code   RO         1679    i.xPortSysTickHandler  port.o
    0x08009e50   0x08009e50   0x00000170   Code   RO         1946    i.xTaskGenericCreate  tasks.o
    0x08009fc0   0x08009fc0   0x00000020   Code   RO         1950    i.xTaskGetSchedulerState  tasks.o
    0x08009fe0   0x08009fe0   0x0000000c   Code   RO         1951    i.xTaskGetTickCount  tasks.o
    0x08009fec   0x08009fec   0x0000014c   Code   RO         1953    i.xTaskIncrementTick  tasks.o
    0x0800a138   0x0800a138   0x00000104   Code   RO         1959    i.xTaskResumeAll    tasks.o
    0x0800a23c   0x0800a23c   0x00000018   Code   RO         5673    x$fpl$basic         fz_wm.l(basic.o)
    0x0800a254   0x0800a254   0x00000062   Code   RO         5675    x$fpl$d2f           fz_wm.l(d2f.o)
    0x0800a2b6   0x0800a2b6   0x00000002   PAD
    0x0800a2b8   0x0800a2b8   0x00000150   Code   RO         5831    x$fpl$dadd          fz_wm.l(daddsub_clz.o)
    0x0800a408   0x0800a408   0x000002b0   Code   RO         5838    x$fpl$ddiv          fz_wm.l(ddiv.o)
    0x0800a6b8   0x0800a6b8   0x0000002e   Code   RO         5678    x$fpl$dflt          fz_wm.l(dflt_clz.o)
    0x0800a6e6   0x0800a6e6   0x00000002   PAD
    0x0800a6e8   0x0800a6e8   0x00000154   Code   RO         5683    x$fpl$dmul          fz_wm.l(dmul.o)
    0x0800a83c   0x0800a83c   0x0000009c   Code   RO         5843    x$fpl$dnaninf       fz_wm.l(dnaninf.o)
    0x0800a8d8   0x0800a8d8   0x0000000c   Code   RO         5845    x$fpl$dretinf       fz_wm.l(dretinf.o)
    0x0800a8e4   0x0800a8e4   0x00000016   Code   RO         5832    x$fpl$drsb          fz_wm.l(daddsub_clz.o)
    0x0800a8fa   0x0800a8fa   0x00000002   PAD
    0x0800a8fc   0x0800a8fc   0x00000198   Code   RO         5847    x$fpl$dsqrt         fz_wm.l(dsqrt_umaal.o)
    0x0800aa94   0x0800aa94   0x000001d4   Code   RO         5833    x$fpl$dsub          fz_wm.l(daddsub_clz.o)
    0x0800ac68   0x0800ac68   0x00000056   Code   RO         5685    x$fpl$f2d           fz_wm.l(f2d.o)
    0x0800acbe   0x0800acbe   0x0000008c   Code   RO         5849    x$fpl$fnaninf       fz_wm.l(fnaninf.o)
    0x0800ad4a   0x0800ad4a   0x0000000a   Code   RO         6070    x$fpl$fpinit        fz_wm.l(fpinit.o)
    0x0800ad54   0x0800ad54   0x0000000a   Code   RO         5851    x$fpl$fretinf       fz_wm.l(fretinf.o)
    0x0800ad5e   0x0800ad5e   0x00000000   Code   RO         5861    x$fpl$usenofp       fz_wm.l(usenofp.o)
    0x0800ad5e   0x0800ad5e   0x00000002   PAD
    0x0800ad60   0x0800ad60   0x00000078   Data   RO            5    .constdata          freertos.o
    0x0800add8   0x0800add8   0x00000010   Data   RO         3490    .constdata          stm32f4xx_hal_rcc.o
    0x0800ade8   0x0800ade8   0x00000008   Data   RO         3973    .constdata          stm32f4xx_hal_dma.o
    0x0800adf0   0x0800adf0   0x0000000e   Data   RO         5370    .constdata          mpu.o
    0x0800adfe   0x0800adfe   0x00000302   Data   RO         5586    .constdata          judge_sys.o
    0x0800b100   0x0800b100   0x00000050   Data   RO         5690    .constdata          m_wm.l(asin.o)
    0x0800b150   0x0800b150   0x00000098   Data   RO         5865    .constdata          m_wm.l(atan.o)
    0x0800b1e8   0x0800b1e8   0x00000008   Data   RO         5916    .constdata          m_wm.l(qnan.o)
    0x0800b1f0   0x0800b1f0   0x00000050   Data   RO            6    .conststring        freertos.o
    0x0800b240   0x0800b240   0x00000020   Data   RO         6137    Region$$Table       anon$$obj.o


    Execution Region RW_IRAM1 (Exec base: 0x20000000, Load base: 0x0800b260, Size: 0x000061d0, Max: 0x00030000, ABSOLUTE, COMPRESSED[0x000000cc])

    Exec Addr    Load Addr    Size         Type   Attr      Idx    E Section Name        Object

    0x20000000   COMPRESSED   0x00000004   Data   RW            7    .data               freertos.o
    0x20000004   COMPRESSED   0x00000004   Data   RW          477    .data               can.o
    0x20000008   COMPRESSED   0x00000001   Data   RW          586    .data               main.o
    0x20000009   COMPRESSED   0x00000003   PAD
    0x2000000c   COMPRESSED   0x00000105   Data   RW          795    .data               gimbal.o
    0x20000111   COMPRESSED   0x00000007   PAD
    0x20000118   COMPRESSED   0x000001f8   Data   RW          921    .data               chassis.o
    0x20000310   COMPRESSED   0x00000057   Data   RW         1106    .data               kb.o
    0x20000367   COMPRESSED   0x00000001   PAD
    0x20000368   COMPRESSED   0x00000004   Data   RW         1164    .data               system_stm32f4xx.o
    0x2000036c   COMPRESSED   0x00000018   Data   RW         1267    .data               heap_4.o
    0x20000384   COMPRESSED   0x0000000c   Data   RW         1680    .data               port.o
    0x20000390   COMPRESSED   0x00000038   Data   RW         1962    .data               tasks.o
    0x200003c8   COMPRESSED   0x00000004   Data   RW         2863    .data               stm32f4xx_hal.o
    0x200003cc   COMPRESSED   0x00000011   Data   RW         5012    .data               bsp_can.o
    0x200003dd   COMPRESSED   0x00000003   PAD
    0x200003e0   COMPRESSED   0x00000004   Data   RW         5086    .data               bsp_flash.o
    0x200003e4   COMPRESSED   0x00000033   Data   RW         5142    .data               bt.o
    0x20000417   COMPRESSED   0x00000001   PAD
    0x20000418   COMPRESSED   0x00000041   Data   RW         5371    .data               mpu.o
    0x20000459   COMPRESSED   0x00000003   PAD
    0x2000045c   COMPRESSED   0x0000002c   Data   RW         5473    .data               ahrs.o
    0x20000488   COMPRESSED   0x00000010   Data   RW         5523    .data               calibrate.o
    0x20000498   COMPRESSED   0x00000030   Data   RW         5587    .data               judge_sys.o
    0x200004c8        -       0x0000003c   Zero   RW          435    .bss                stm32f4xx_hal_timebase_tim.o
    0x20000504        -       0x00000080   Zero   RW          476    .bss                can.o
    0x20000584        -       0x00000058   Zero   RW          646    .bss                spi.o
    0x200005dc        -       0x000001e0   Zero   RW          698    .bss                tim.o
    0x200007bc        -       0x00000054   Zero   RW          794    .bss                gimbal.o
    0x20000810        -       0x00000218   Zero   RW          920    .bss                chassis.o
    0x20000a28        -       0x000000cc   Zero   RW         1019    .bss                error_task.o
    0x20000af4        -       0x00000018   Zero   RW         1105    .bss                kb.o
    0x20000b0c        -       0x00000280   Zero   RW         1208    .bss                usart.o
    0x20000d8c        -       0x00003c00   Zero   RW         1266    .bss                heap_4.o
    0x2000498c        -       0x000000f0   Zero   RW         1961    .bss                tasks.o
    0x20004a7c        -       0x00000020   Zero   RW         2739    .bss                stm32f4xx_hal_flash.o
    0x20004a9c        -       0x000001ec   Zero   RW         5011    .bss                bsp_can.o
    0x20004c88        -       0x00000014   Zero   RW         5085    .bss                bsp_flash.o
    0x20004c9c        -       0x000002f8   Zero   RW         5141    .bss                bt.o
    0x20004f94        -       0x000009a0   Zero   RW         5303    .bss                pid.o
    0x20005934        -       0x000000e8   Zero   RW         5369    .bss                mpu.o
    0x20005a1c        -       0x00000018   Zero   RW         5472    .bss                ahrs.o
    0x20005a34        -       0x00000038   Zero   RW         5522    .bss                calibrate.o
    0x20005a6c        -       0x000000ff   Zero   RW         5585    .bss                judge_sys.o
    0x20005b6b   COMPRESSED   0x00000001   PAD
    0x20005b6c        -       0x00000060   Zero   RW         5958    .bss                c_w.l(libspace.o)
    0x20005bcc   COMPRESSED   0x00000004   PAD
    0x20005bd0        -       0x00000200   Zero   RW         1193    HEAP                startup_stm32f427xx.o
    0x20005dd0        -       0x00000400   Zero   RW         1192    STACK               startup_stm32f427xx.o



  Load Region LR$$.ARM.__AT_0x40024000 (Base: 0x40024000, Size: 0x00000000, Max: 0x00000004, ABSOLUTE)

    Execution Region ER$$.ARM.__AT_0x40024000 (Exec base: 0x40024000, Load base: 0x40024000, Size: 0x00000004, Max: 0x00000004, ABSOLUTE, UNINIT)

    Exec Addr    Load Addr    Size         Type   Attr      Idx    E Section Name        Object

    0x40024000        -       0x00000004   Zero   RW         5140    .ARM.__AT_0x40024000  bt.o


==============================================================================

Image component sizes


      Code (inc. data)   RO Data    RW Data    ZI Data      Debug   Object Name

      2616        126          0         44         24       4204   ahrs.o
       692         64          0         17        492       7468   bsp_can.o
       572        104          0          4         20       2776   bsp_flash.o
      1542        122          0         51        764      13822   bt.o
       352         44          0         16         56       4940   calibrate.o
       448         42          0          4        128       3050   can.o
      2284        236          0        504        536      19636   chassis.o
       122          0          0          0          0      14634   cmsis_os.o
       136          6          0          0          0       1082   dma.o
        36          4          0          0        204       3390   error_task.o
       158         10        200          4          0     397386   freertos.o
      2514        418          0        261         84      16951   gimbal.o
       580         38          0          0          0       1575   gpio.o
       692         62          0         24      15360       9627   heap_4.o
       764         46        770         48        255       6427   judge_sys.o
       360         30          0         87         24       4119   kb.o
       148          0          0          0          0       4374   list.o
       540         48          0          1          0       3968   main.o
      2086        118         14         65        232      12426   mpu.o
      1288         18          0          0       2464       7439   pid.o
       834         76          0         12          0      18624   port.o
       160         20          0          0         88       2133   spi.o
        64         26        428          0       1536        904   startup_stm32f427xx.o
       114         16          0          4          0       4396   stm32f4xx_hal.o
      2534         34          0          0          0       8840   stm32f4xx_hal_can.o
       338         22          0          0          0      32569   stm32f4xx_hal_cortex.o
      1240         20          8          0          0       7143   stm32f4xx_hal_dma.o
       668         60          0          0         32       7326   stm32f4xx_hal_flash.o
       488         24          0          0          0       3974   stm32f4xx_hal_flash_ex.o
       568         54          0          0          0       3619   stm32f4xx_hal_gpio.o
        86          0          0          0          0        650   stm32f4xx_hal_msp.o
       164         12          0          0          0       1556   stm32f4xx_hal_pwr_ex.o
      1736         80         16          0          0       7544   stm32f4xx_hal_rcc.o
       892          0          0          0          0       4853   stm32f4xx_hal_spi.o
      1594         88          0          0          0      14549   stm32f4xx_hal_tim.o
       182          0          0          0          0       3746   stm32f4xx_hal_tim_ex.o
       140         18          0          0         60       1896   stm32f4xx_hal_timebase_tim.o
      1988         14          0          0          0      11451   stm32f4xx_hal_uart.o
       268         76          0          0          0      13009   stm32f4xx_it.o
       100         18          0          4          0       1749   system_stm32f4xx.o
      1986        282          0         56        240      18969   tasks.o
      1912        154          0          0        480      10160   tim.o
       888        100          0          0        640       4821   usart.o

    ----------------------------------------------------------------------
     36908       2730       1468       1224      23720     723775   Object Totals
         0          0         32          0          0          0   (incl. Generated)
        34          0          0         18          1          0   (incl. Padding)

    ----------------------------------------------------------------------

      Code (inc. data)   RO Data    RW Data    ZI Data      Debug   Library Member Name

        90          0          0          0          0          0   __dczerorl2.o
         8          0          0          0          0         68   __main.o
         0          0          0          0          0          0   __rtentry.o
        12          0          0          0          0          0   __rtentry2.o
         6          0          0          0          0          0   __rtentry4.o
        52          8          0          0          0          0   __scatter.o
        28          0          0          0          0          0   __scatter_zi.o
        22          0          0          0          0        100   _rserrno.o
        16          0          0          0          0         68   aeabi_memset.o
        12          0          0          0          0         72   exit.o
         6          0          0          0          0        152   heapauxi.o
         0          0          0          0          0          0   indicate_semi.o
         2          0          0          0          0          0   libinit.o
         6          0          0          0          0          0   libinit2.o
         2          0          0          0          0          0   libshutdown.o
         2          0          0          0          0          0   libshutdown2.o
         8          4          0          0         96         68   libspace.o
         8          4          0          0          0         68   rt_errno_addr_intlibspace.o
        68          0          0          0          0         68   rt_memclr.o
        78          0          0          0          0         80   rt_memclr_w.o
       138          0          0          0          0         68   rt_memcpy_v6.o
       100          0          0          0          0         80   rt_memcpy_w.o
         2          0          0          0          0          0   rtexit.o
        10          0          0          0          0          0   rtexit2.o
        12          4          0          0          0         68   sys_exit.o
        74          0          0          0          0         80   sys_stackheap_outer.o
         2          0          0          0          0         68   use_no_semi.o
        24          0          0          0          0        164   basic.o
        98          4          0          0          0        140   d2f.o
       826         16          0          0          0        492   daddsub_clz.o
       688        140          0          0          0        256   ddiv.o
        46          0          0          0          0        116   dflt_clz.o
       340         12          0          0          0        152   dmul.o
       156          4          0          0          0        140   dnaninf.o
        12          0          0          0          0        116   dretinf.o
       408         56          0          0          0        168   dsqrt_umaal.o
        86          4          0          0          0        132   f2d.o
       140          4          0          0          0        132   fnaninf.o
        10          0          0          0          0        116   fpinit.o
        10          0          0          0          0        116   fretinf.o
         0          0          0          0          0          0   usenofp.o
       864         94         80          0          0        280   asin.o
       744        106        152          0          0        352   atan.o
       496         64          0          0          0        192   atan2.o
       592         90          0          0          0        184   atan2f.o
       104         16          0          0          0        496   dunder.o
        24          0          0          0          0        124   fabs.o
        48          0          0          0          0        124   fpclassify.o
        38          0          0          0          0        116   fpclassifyf.o
        22          6          0          0          0        232   funder.o
       248          0          0          0          0        152   poly.o
         0          0          8          0          0          0   qnan.o
       232          0          0          0          0        296   sqrt.o

    ----------------------------------------------------------------------
      7048        636        240          0        100       5896   Library Totals
        28          0          0          0          4          0   (incl. Padding)

    ----------------------------------------------------------------------

      Code (inc. data)   RO Data    RW Data    ZI Data      Debug   Library Name

       764         20          0          0         96       1108   c_w.l
      2844        240          0          0          0       2240   fz_wm.l
      3412        376        240          0          0       2548   m_wm.l

    ----------------------------------------------------------------------
      7048        636        240          0        100       5896   Library Totals

    ----------------------------------------------------------------------

==============================================================================


      Code (inc. data)   RO Data    RW Data    ZI Data      Debug   

     43956       3366       1708       1224      23820     702351   Grand Totals
     43956       3366       1708        204      23820     702351   ELF Image Totals (compressed)
     43956       3366       1708        204          0          0   ROM Totals

==============================================================================

    Total RO  Size (Code + RO Data)                45664 (  44.59kB)
    Total RW  Size (RW Data + ZI Data)             25044 (  24.46kB)
    Total ROM Size (Code + RO Data + RW Data)      45868 (  44.79kB)

==============================================================================

